Archive member included to satisfy reference by file (symbol)

/usr/lib/gcc/arm-none-eabi/8.3.1/thumb/v6-m/nofp/libgcc.a(_dvmd_tls.o)
                              CMakeFiles/w5x00_mqtt_publish.dir/__/__/__/libraries/pico-sdk/src/rp2_common/pico_divider/divider.S.obj (__aeabi_idiv0)
/usr/lib/gcc/arm-none-eabi/8.3.1/../../../arm-none-eabi/lib/thumb/v6-m/nofp/libg.a(lib_a-atexit.o)
                              /usr/lib/gcc/arm-none-eabi/8.3.1/../../../arm-none-eabi/lib/thumb/v6-m/nofp/crt0.o (atexit)
/usr/lib/gcc/arm-none-eabi/8.3.1/../../../arm-none-eabi/lib/thumb/v6-m/nofp/libg.a(lib_a-calloc.o)
                              CMakeFiles/w5x00_mqtt_publish.dir/__/__/__/libraries/pico-sdk/src/rp2_common/pico_malloc/pico_malloc.c.obj (calloc)
/usr/lib/gcc/arm-none-eabi/8.3.1/../../../arm-none-eabi/lib/thumb/v6-m/nofp/libg.a(lib_a-callocr.o)
                              /usr/lib/gcc/arm-none-eabi/8.3.1/../../../arm-none-eabi/lib/thumb/v6-m/nofp/libg.a(lib_a-calloc.o) (_calloc_r)
/usr/lib/gcc/arm-none-eabi/8.3.1/../../../arm-none-eabi/lib/thumb/v6-m/nofp/libg.a(lib_a-ctype_.o)
                              CMakeFiles/w5x00_mqtt_publish.dir/__/__/__/libraries/pico-sdk/lib/tinyusb/src/tusb.c.obj (_ctype_)
/usr/lib/gcc/arm-none-eabi/8.3.1/../../../arm-none-eabi/lib/thumb/v6-m/nofp/libg.a(lib_a-fini.o)
                              /usr/lib/gcc/arm-none-eabi/8.3.1/../../../arm-none-eabi/lib/thumb/v6-m/nofp/crt0.o (__libc_fini_array)
/usr/lib/gcc/arm-none-eabi/8.3.1/../../../arm-none-eabi/lib/thumb/v6-m/nofp/libg.a(lib_a-impure.o)
                              /usr/lib/gcc/arm-none-eabi/8.3.1/../../../arm-none-eabi/lib/thumb/v6-m/nofp/libg.a(lib_a-calloc.o) (_impure_ptr)
/usr/lib/gcc/arm-none-eabi/8.3.1/../../../arm-none-eabi/lib/thumb/v6-m/nofp/libg.a(lib_a-init.o)
                              /usr/lib/gcc/arm-none-eabi/8.3.1/../../../arm-none-eabi/lib/thumb/v6-m/nofp/crt0.o (__libc_init_array)
/usr/lib/gcc/arm-none-eabi/8.3.1/../../../arm-none-eabi/lib/thumb/v6-m/nofp/libg.a(lib_a-malloc.o)
                              CMakeFiles/w5x00_mqtt_publish.dir/__/__/__/libraries/pico-sdk/src/rp2_common/pico_malloc/pico_malloc.c.obj (malloc)
/usr/lib/gcc/arm-none-eabi/8.3.1/../../../arm-none-eabi/lib/thumb/v6-m/nofp/libg.a(lib_a-mallocr.o)
                              /usr/lib/gcc/arm-none-eabi/8.3.1/../../../arm-none-eabi/lib/thumb/v6-m/nofp/libg.a(lib_a-callocr.o) (_malloc_r)
/usr/lib/gcc/arm-none-eabi/8.3.1/../../../arm-none-eabi/lib/thumb/v6-m/nofp/libg.a(lib_a-memcmp.o)
                              CMakeFiles/w5x00_mqtt_publish.dir/__/__/__/libraries/ioLibrary_Driver/Internet/MQTT/MQTTPacket/src/MQTTConnectServer.c.obj (memcmp)
/usr/lib/gcc/arm-none-eabi/8.3.1/../../../arm-none-eabi/lib/thumb/v6-m/nofp/libg.a(lib_a-mlock.o)
                              /usr/lib/gcc/arm-none-eabi/8.3.1/../../../arm-none-eabi/lib/thumb/v6-m/nofp/libg.a(lib_a-mallocr.o) (__malloc_lock)
/usr/lib/gcc/arm-none-eabi/8.3.1/../../../arm-none-eabi/lib/thumb/v6-m/nofp/libg.a(lib_a-sbrkr.o)
                              /usr/lib/gcc/arm-none-eabi/8.3.1/../../../arm-none-eabi/lib/thumb/v6-m/nofp/libg.a(lib_a-mallocr.o) (_sbrk_r)
/usr/lib/gcc/arm-none-eabi/8.3.1/../../../arm-none-eabi/lib/thumb/v6-m/nofp/libg.a(lib_a-strlen-stub.o)
                              CMakeFiles/w5x00_mqtt_publish.dir/__/__/__/libraries/pico-sdk/src/rp2_common/pico_stdio/stdio.c.obj (strlen)
/usr/lib/gcc/arm-none-eabi/8.3.1/../../../arm-none-eabi/lib/thumb/v6-m/nofp/libg.a(lib_a-strncmp.o)
                              CMakeFiles/w5x00_mqtt_publish.dir/__/__/__/libraries/ioLibrary_Driver/Internet/MQTT/MQTTPacket/src/MQTTPacket.c.obj (strncmp)
/usr/lib/gcc/arm-none-eabi/8.3.1/../../../arm-none-eabi/lib/thumb/v6-m/nofp/libg.a(lib_a-__atexit.o)
                              /usr/lib/gcc/arm-none-eabi/8.3.1/../../../arm-none-eabi/lib/thumb/v6-m/nofp/libg.a(lib_a-atexit.o) (__register_exitproc)
/usr/lib/gcc/arm-none-eabi/8.3.1/../../../arm-none-eabi/lib/thumb/v6-m/nofp/libg.a(lib_a-freer.o)
                              /usr/lib/gcc/arm-none-eabi/8.3.1/../../../arm-none-eabi/lib/thumb/v6-m/nofp/libg.a(lib_a-malloc.o) (_free_r)
/usr/lib/gcc/arm-none-eabi/8.3.1/../../../arm-none-eabi/lib/thumb/v6-m/nofp/libg.a(lib_a-reent.o)
                              /usr/lib/gcc/arm-none-eabi/8.3.1/../../../arm-none-eabi/lib/thumb/v6-m/nofp/libg.a(lib_a-sbrkr.o) (errno)

Allocating common symbols
Common symbol       size              file

sf_table            0x100             CMakeFiles/w5x00_mqtt_publish.dir/__/__/__/libraries/pico-sdk/src/rp2_common/pico_float/float_init_rom.c.obj
errno               0x4               /usr/lib/gcc/arm-none-eabi/8.3.1/../../../arm-none-eabi/lib/thumb/v6-m/nofp/libg.a(lib_a-reent.o)
_usbd_qdef_buf      0xc0              CMakeFiles/w5x00_mqtt_publish.dir/__/__/__/libraries/pico-sdk/lib/tinyusb/src/device/usbd.c.obj
[...]
Memory Configuration

Name             Origin             Length             Attributes
FLASH            0x10000000         0x00200000         xr
RAM              0x20000000         0x00040000         xrw
SCRATCH_X        0x20040000         0x00001000         xrw
SCRATCH_Y        0x20041000         0x00001000         xrw
*default*        0x00000000         0xffffffff

Linker script and memory map

LOAD /usr/lib/gcc/arm-none-eabi/8.3.1/thumb/v6-m/nofp/crti.o
LOAD /usr/lib/gcc/arm-none-eabi/8.3.1/thumb/v6-m/nofp/crtbegin.o
LOAD /usr/lib/gcc/arm-none-eabi/8.3.1/../../../arm-none-eabi/lib/thumb/v6-m/nofp/crt0.o

.flash_begin    0x10000000        0x0
                0x10000000                __flash_binary_start = .

.boot2          0x10000000      0x100
                0x10000000                __boot2_start__ = .
 *(.boot2)
 .boot2         0x10000000      0x100 /tmp/ccdmpTCu.o
                0x10000100                __boot2_end__ = .
                0x00000001                ASSERT (((__boot2_end__ - __boot2_start__) == 0x100), ERROR: Pico second stage bootloader must be 256 bytes in size)

.text           0x10000100     0x91f0
                0x10000100                __logical_binary_start = .
 *(.vectors)
 .vectors       0x10000100       0xd4 CMakeFiles/w5x00_mqtt_publish.dir/__/__/__/libraries/pico-sdk/src/rp2_common/pico_standard_link/crt0.S.obj
                0x10000100                __vectors
                0x10000100                __VECTOR_TABLE
                0x100001c0                isr_invalid
                0x100001c0                __default_isrs_start
                0x100001c2                isr_nmi
                0x100001c4                isr_hardfault
                0x100001c6                isr_svcall
                0x100001c8                isr_pendsv
                0x100001ca                isr_systick
                0x100001cc                isr_irq30
                0x100001cc                __unhandled_user_irq
                0x100001cc                isr_irq13
                0x100001cc                isr_irq27
                0x100001cc                isr_irq31
                0x100001cc                isr_irq5
                0x100001cc                isr_irq11
                0x100001cc                isr_irq23
                0x100001cc                isr_irq18
                0x100001cc                isr_irq28
                0x100001cc                isr_irq19
                0x100001cc                isr_irq0
                0x100001cc                isr_irq6
                0x100001cc                isr_irq22
                0x100001cc                isr_irq17
                0x100001cc                isr_irq14
                0x100001cc                isr_irq2
                0x100001cc                isr_irq10
                0x100001cc                isr_irq8
                0x100001cc                isr_irq24
                0x100001cc                isr_irq1
                0x100001cc                isr_irq7
                0x100001cc                isr_irq21
                0x100001cc                isr_irq20
                0x100001cc                isr_irq15
                0x100001cc                isr_irq25
                0x100001cc                isr_irq4
                0x100001cc                isr_irq16
                0x100001cc                isr_irq29
                0x100001cc                isr_irq26
                0x100001cc                __default_isrs_end
                0x100001cc                isr_irq3
                0x100001cc                isr_irq12
                0x100001cc                isr_irq9
                0x100001d2                unhandled_user_irq_num_in_r0
 *(.binary_info_header)
 .binary_info_header
                0x100001d4       0x14 CMakeFiles/w5x00_mqtt_publish.dir/__/__/__/libraries/pico-sdk/src/rp2_common/pico_standard_link/crt0.S.obj
                0x100001e8                __binary_info_header_end = .
 *(.reset)
 .reset         0x100001e8       0xa8 CMakeFiles/w5x00_mqtt_publish.dir/__/__/__/libraries/pico-sdk/src/rp2_common/pico_standard_link/crt0.S.obj
                0x100001e8                _entry_point
                0x10000266                __get_current_exception
 .reset         0x10000290       0x30 CMakeFiles/w5x00_mqtt_publish.dir/__/__/__/libraries/pico-sdk/src/rp2_common/pico_standard_link/binary_info.c.obj
 *(.init)
 .init          0x100002c0        0x4 /usr/lib/gcc/arm-none-eabi/8.3.1/thumb/v6-m/nofp/crti.o
                0x100002c0                _init
 *(EXCLUDE_FILE(*libm.a: *libc.a:*lib_a-mem*.o *libgcc.a:) .text*)
 .text          0x100002c4       0x98 /usr/lib/gcc/arm-none-eabi/8.3.1/thumb/v6-m/nofp/crtbegin.o
 .text.main     0x1000035c      0x174 CMakeFiles/w5x00_mqtt_publish.dir/w5x00_mqtt_publish.c.obj
                0x1000035c                main
 .text.gpio_set_function
                0x100004d0       0x30 CMakeFiles/w5x00_mqtt_publish.dir/__/__/__/libraries/pico-sdk/src/rp2_common/hardware_gpio/gpio.c.obj
                0x100004d0                gpio_set_function
 .text.gpio_init
                0x10000500       0x16 CMakeFiles/w5x00_mqtt_publish.dir/__/__/__/libraries/pico-sdk/src/rp2_common/hardware_gpio/gpio.c.obj
                0x10000500                gpio_init
 *fill*         0x10000516        0x2 
 .text.hw_claim_lock
                0x10000518       0x18 CMakeFiles/w5x00_mqtt_publish.dir/__/__/__/libraries/pico-sdk/src/rp2_common/hardware_claim/claim.c.obj
                0x10000518                hw_claim_lock
 .text.hw_claim_unlock
                0x10000530       0x14 CMakeFiles/w5x00_mqtt_publish.dir/__/__/__/libraries/pico-sdk/src/rp2_common/hardware_claim/claim.c.obj
                0x10000530                hw_claim_unlock
 .text.hw_claim_or_assert
                0x10000544       0x32 CMakeFiles/w5x00_mqtt_publish.dir/__/__/__/libraries/pico-sdk/src/rp2_common/hardware_claim/claim.c.obj
                0x10000544                hw_claim_or_assert
 .text.hw_claim_unused_from_range
                0x10000576       0x50 CMakeFiles/w5x00_mqtt_publish.dir/__/__/__/libraries/pico-sdk/src/rp2_common/hardware_claim/claim.c.obj
                0x10000576                hw_claim_unused_from_range
 *fill*         0x100005c6        0x2 
 .text.running_on_fpga
                0x100005c8       0x14 CMakeFiles/w5x00_mqtt_publish.dir/__/__/__/libraries/pico-sdk/src/rp2_common/pico_platform/platform.c.obj
                0x100005c8                running_on_fpga
 .text.spin_locks_reset
                0x100005dc       0x20 CMakeFiles/w5x00_mqtt_publish.dir/__/__/__/libraries/pico-sdk/src/rp2_common/hardware_sync/sync.c.obj
                0x100005dc                spin_locks_reset
 .text.next_striped_spin_lock_num
                0x100005fc       0x1c CMakeFiles/w5x00_mqtt_publish.dir/__/__/__/libraries/pico-sdk/src/rp2_common/hardware_sync/sync.c.obj
                0x100005fc                next_striped_spin_lock_num
 .text.spin_lock_claim_unused
                0x10000618       0x20 CMakeFiles/w5x00_mqtt_publish.dir/__/__/__/libraries/pico-sdk/src/rp2_common/hardware_sync/sync.c.obj
                0x10000618                spin_lock_claim_unused
 .text.sleep_until_callback
                0x10000638       0x30 CMakeFiles/w5x00_mqtt_publish.dir/__/__/__/libraries/pico-sdk/src/common/pico_time/time.c.obj
 .text.alarm_pool_post_alloc_init
                0x10000668       0x40 CMakeFiles/w5x00_mqtt_publish.dir/__/__/__/libraries/pico-sdk/src/common/pico_time/time.c.obj
 .text.timer_pool_entry_comparator
                0x100006a8       0x7c CMakeFiles/w5x00_mqtt_publish.dir/__/__/__/libraries/pico-sdk/src/common/pico_time/time.c.obj
                0x100006a8                timer_pool_entry_comparator
 .text.ph_add_child_node
                0x10000724       0xa4 CMakeFiles/w5x00_mqtt_publish.dir/__/__/__/libraries/pico-sdk/src/common/pico_time/time.c.obj
 .text.ph_merge_nodes
                0x100007c8       0x3e CMakeFiles/w5x00_mqtt_publish.dir/__/__/__/libraries/pico-sdk/src/common/pico_time/time.c.obj
 *fill*         0x10000806        0x2 
 .text.add_alarm_under_lock
                0x10000808      0x180 CMakeFiles/w5x00_mqtt_publish.dir/__/__/__/libraries/pico-sdk/src/common/pico_time/time.c.obj
 .text.alarm_pool_alarm_callback
                0x10000988      0x328 CMakeFiles/w5x00_mqtt_publish.dir/__/__/__/libraries/pico-sdk/src/common/pico_time/time.c.obj
 .text.alarm_pool_init_default
                0x10000cb0       0x38 CMakeFiles/w5x00_mqtt_publish.dir/__/__/__/libraries/pico-sdk/src/common/pico_time/time.c.obj
                0x10000cb0                alarm_pool_init_default
 .text.alarm_pool_get_default
                0x10000ce8       0x2c CMakeFiles/w5x00_mqtt_publish.dir/__/__/__/libraries/pico-sdk/src/common/pico_time/time.c.obj
                0x10000ce8                alarm_pool_get_default
 .text.alarm_pool_add_alarm_at
                0x10000d14      0x154 CMakeFiles/w5x00_mqtt_publish.dir/__/__/__/libraries/pico-sdk/src/common/pico_time/time.c.obj
                0x10000d14                alarm_pool_add_alarm_at
 .text.alarm_pool_cancel_alarm
                0x10000e68       0xec CMakeFiles/w5x00_mqtt_publish.dir/__/__/__/libraries/pico-sdk/src/common/pico_time/time.c.obj
                0x10000e68                alarm_pool_cancel_alarm
 .text.sleep_until
                0x10000f54       0xf8 CMakeFiles/w5x00_mqtt_publish.dir/__/__/__/libraries/pico-sdk/src/common/pico_time/time.c.obj
                0x10000f54                sleep_until
 .text.sleep_us
                0x1000104c       0x54 CMakeFiles/w5x00_mqtt_publish.dir/__/__/__/libraries/pico-sdk/src/common/pico_time/time.c.obj
                0x1000104c                sleep_us
 .text.sleep_ms
                0x100010a0       0x14 CMakeFiles/w5x00_mqtt_publish.dir/__/__/__/libraries/pico-sdk/src/common/pico_time/time.c.obj
                0x100010a0                sleep_ms
 .text.best_effort_wfe_or_timeout
                0x100010b4       0x80 CMakeFiles/w5x00_mqtt_publish.dir/__/__/__/libraries/pico-sdk/src/common/pico_time/time.c.obj
                0x100010b4                best_effort_wfe_or_timeout
 .text.hardware_alarm_irq_handler
                0x10001134       0x8c CMakeFiles/w5x00_mqtt_publish.dir/__/__/__/libraries/pico-sdk/src/rp2_common/hardware_timer/timer.c.obj
 .text.hardware_alarm_claim
                0x100011c0       0x18 CMakeFiles/w5x00_mqtt_publish.dir/__/__/__/libraries/pico-sdk/src/rp2_common/hardware_timer/timer.c.obj
                0x100011c0                hardware_alarm_claim
 .text.time_us_64
                0x100011d8       0x18 CMakeFiles/w5x00_mqtt_publish.dir/__/__/__/libraries/pico-sdk/src/rp2_common/hardware_timer/timer.c.obj
                0x100011d8                time_us_64
 .text.busy_wait_until
                0x100011f0       0x24 CMakeFiles/w5x00_mqtt_publish.dir/__/__/__/libraries/pico-sdk/src/rp2_common/hardware_timer/timer.c.obj
                0x100011f0                busy_wait_until
 .text.hardware_alarm_set_callback
                0x10001214       0x90 CMakeFiles/w5x00_mqtt_publish.dir/__/__/__/libraries/pico-sdk/src/rp2_common/hardware_timer/timer.c.obj
                0x10001214                hardware_alarm_set_callback
 .text.hardware_alarm_set_target
                0x100012a4       0xe8 CMakeFiles/w5x00_mqtt_publish.dir/__/__/__/libraries/pico-sdk/src/rp2_common/hardware_timer/timer.c.obj
                0x100012a4                hardware_alarm_set_target
 .text.hardware_alarm_cancel
                0x1000138c       0x40 CMakeFiles/w5x00_mqtt_publish.dir/__/__/__/libraries/pico-sdk/src/rp2_common/hardware_timer/timer.c.obj
                0x1000138c                hardware_alarm_cancel
 .text.lock_init
                0x100013cc       0x10 CMakeFiles/w5x00_mqtt_publish.dir/__/__/__/libraries/pico-sdk/src/common/pico_sync/lock_core.c.obj
                0x100013cc                lock_init
 .text.mutex_init
                0x100013dc       0x1a CMakeFiles/w5x00_mqtt_publish.dir/__/__/__/libraries/pico-sdk/src/common/pico_sync/mutex.c.obj
                0x100013dc                mutex_init
 .text.recursive_mutex_init
                0x100013f6       0x1e CMakeFiles/w5x00_mqtt_publish.dir/__/__/__/libraries/pico-sdk/src/common/pico_sync/mutex.c.obj
                0x100013f6                recursive_mutex_init
 .text.critical_section_init_with_lock_num
                0x10001414       0x14 CMakeFiles/w5x00_mqtt_publish.dir/__/__/__/libraries/pico-sdk/src/common/pico_sync/critical_section.c.obj
                0x10001414                critical_section_init_with_lock_num
 .text.critical_section_init
                0x10001428       0x14 CMakeFiles/w5x00_mqtt_publish.dir/__/__/__/libraries/pico-sdk/src/common/pico_sync/critical_section.c.obj
                0x10001428                critical_section_init
 .text.ph_add_child_node
                0x1000143c       0xa4 CMakeFiles/w5x00_mqtt_publish.dir/__/__/__/libraries/pico-sdk/src/common/pico_util/pheap.c.obj
 .text.ph_merge_nodes
                0x100014e0       0x3e CMakeFiles/w5x00_mqtt_publish.dir/__/__/__/libraries/pico-sdk/src/common/pico_util/pheap.c.obj
 *fill*         0x1000151e        0x2 
 .text.ph_clear
                0x10001520       0x70 CMakeFiles/w5x00_mqtt_publish.dir/__/__/__/libraries/pico-sdk/src/common/pico_util/pheap.c.obj
                0x10001520                ph_clear
 .text.ph_post_alloc_init
                0x10001590        0xe CMakeFiles/w5x00_mqtt_publish.dir/__/__/__/libraries/pico-sdk/src/common/pico_util/pheap.c.obj
                0x10001590                ph_post_alloc_init
 *fill*         0x1000159e        0x2 
 .text.ph_merge_two_pass
                0x100015a0       0xac CMakeFiles/w5x00_mqtt_publish.dir/__/__/__/libraries/pico-sdk/src/common/pico_util/pheap.c.obj
                0x100015a0                ph_merge_two_pass
 .text.ph_remove_any_head
                0x1000164c      0x108 CMakeFiles/w5x00_mqtt_publish.dir/__/__/__/libraries/pico-sdk/src/common/pico_util/pheap.c.obj
 .text.ph_remove_head
                0x10001754       0x14 CMakeFiles/w5x00_mqtt_publish.dir/__/__/__/libraries/pico-sdk/src/common/pico_util/pheap.c.obj
                0x10001754                ph_remove_head
 .text.ph_remove_and_free_node
                0x10001768       0xf8 CMakeFiles/w5x00_mqtt_publish.dir/__/__/__/libraries/pico-sdk/src/common/pico_util/pheap.c.obj
                0x10001768                ph_remove_and_free_node
 .text._exit    0x10001860        0x4 CMakeFiles/w5x00_mqtt_publish.dir/__/__/__/libraries/pico-sdk/src/rp2_common/pico_runtime/runtime.c.obj
                0x10001860                _exit
 .text.exit     0x10001864        0x6 CMakeFiles/w5x00_mqtt_publish.dir/__/__/__/libraries/pico-sdk/src/rp2_common/pico_runtime/runtime.c.obj
                0x10001864                exit
 *fill*         0x1000186a        0x2 
 .text.__assert_func
                0x1000186c       0x3c CMakeFiles/w5x00_mqtt_publish.dir/__/__/__/libraries/pico-sdk/src/rp2_common/pico_runtime/runtime.c.obj
                0x1000186c                __assert_func
 .text.runtime_init
                0x100018a8       0xf8 CMakeFiles/w5x00_mqtt_publish.dir/__/__/__/libraries/pico-sdk/src/rp2_common/pico_runtime/runtime.c.obj
                0x100018a8                runtime_init
 .text.panic    0x100019a0       0x30 CMakeFiles/w5x00_mqtt_publish.dir/__/__/__/libraries/pico-sdk/src/rp2_common/pico_runtime/runtime.c.obj
                0x100019a0                panic
 .text.clock_configure
                0x100019d0       0xfc CMakeFiles/w5x00_mqtt_publish.dir/__/__/__/libraries/pico-sdk/src/rp2_common/hardware_clocks/clocks.c.obj
                0x100019d0                clock_configure
 .text.clocks_init
                0x10001acc      0x100 CMakeFiles/w5x00_mqtt_publish.dir/__/__/__/libraries/pico-sdk/src/rp2_common/hardware_clocks/clocks.c.obj
                0x10001acc                clocks_init
 .text.clock_get_hz
                0x10001bcc        0xc CMakeFiles/w5x00_mqtt_publish.dir/__/__/__/libraries/pico-sdk/src/rp2_common/hardware_clocks/clocks.c.obj
                0x10001bcc                clock_get_hz
 .text.set_raw_irq_handler_and_unlock
                0x10001bd8       0x28 CMakeFiles/w5x00_mqtt_publish.dir/__/__/__/libraries/pico-sdk/src/rp2_common/hardware_irq/irq.c.obj
 .text.make_branch
                0x10001c00       0x34 CMakeFiles/w5x00_mqtt_publish.dir/__/__/__/libraries/pico-sdk/src/rp2_common/hardware_irq/irq.c.obj
 .text.insert_branch_and_link
                0x10001c34       0x40 CMakeFiles/w5x00_mqtt_publish.dir/__/__/__/libraries/pico-sdk/src/rp2_common/hardware_irq/irq.c.obj
 .text.irq_is_enabled
                0x10001c74       0x18 CMakeFiles/w5x00_mqtt_publish.dir/__/__/__/libraries/pico-sdk/src/rp2_common/hardware_irq/irq.c.obj
                0x10001c74                irq_is_enabled
 .text.irq_set_mask_enabled
                0x10001c8c       0x20 CMakeFiles/w5x00_mqtt_publish.dir/__/__/__/libraries/pico-sdk/src/rp2_common/hardware_irq/irq.c.obj
                0x10001c8c                irq_set_mask_enabled
 .text.irq_set_enabled
                0x10001cac        0xe CMakeFiles/w5x00_mqtt_publish.dir/__/__/__/libraries/pico-sdk/src/rp2_common/hardware_irq/irq.c.obj
                0x10001cac                irq_set_enabled
 *fill*         0x10001cba        0x2 
 .text.irq_set_pending
                0x10001cbc       0x10 CMakeFiles/w5x00_mqtt_publish.dir/__/__/__/libraries/pico-sdk/src/rp2_common/hardware_irq/irq.c.obj
                0x10001cbc                irq_set_pending
 .text.irq_get_vtable_handler
                0x10001ccc       0x10 CMakeFiles/w5x00_mqtt_publish.dir/__/__/__/libraries/pico-sdk/src/rp2_common/hardware_irq/irq.c.obj
                0x10001ccc                irq_get_vtable_handler
 .text.irq_set_exclusive_handler
                0x10001cdc       0x54 CMakeFiles/w5x00_mqtt_publish.dir/__/__/__/libraries/pico-sdk/src/rp2_common/hardware_irq/irq.c.obj
                0x10001cdc                irq_set_exclusive_handler
 .text.irq_remove_handler
                0x10001d30      0x1a8 CMakeFiles/w5x00_mqtt_publish.dir/__/__/__/libraries/pico-sdk/src/rp2_common/hardware_irq/irq.c.obj
                0x10001d30                irq_remove_handler
 .text.irq_add_tail_to_free_list
                0x10001ed8       0xf0 CMakeFiles/w5x00_mqtt_publish.dir/__/__/__/libraries/pico-sdk/src/rp2_common/hardware_irq/irq.c.obj
                0x10001ed8                irq_add_tail_to_free_list
 .text.irq_init_priorities
                0x10001fc8       0x1c CMakeFiles/w5x00_mqtt_publish.dir/__/__/__/libraries/pico-sdk/src/rp2_common/hardware_irq/irq.c.obj
                0x10001fc8                irq_init_priorities
 .text.pll_init
                0x10001fe4      0x114 CMakeFiles/w5x00_mqtt_publish.dir/__/__/__/libraries/pico-sdk/src/rp2_common/hardware_pll/pll.c.obj
                0x10001fe4                pll_init
 .text.watchdog_start_tick
                0x100020f8       0x10 CMakeFiles/w5x00_mqtt_publish.dir/__/__/__/libraries/pico-sdk/src/rp2_common/hardware_watchdog/watchdog.c.obj
                0x100020f8                watchdog_start_tick
 .text.watchdog_update
                0x10002108       0x14 CMakeFiles/w5x00_mqtt_publish.dir/__/__/__/libraries/pico-sdk/src/rp2_common/hardware_watchdog/watchdog.c.obj
                0x10002108                watchdog_update
 .text._watchdog_enable
                0x1000211c       0x74 CMakeFiles/w5x00_mqtt_publish.dir/__/__/__/libraries/pico-sdk/src/rp2_common/hardware_watchdog/watchdog.c.obj
                0x1000211c                _watchdog_enable
 .text.watchdog_reboot
                0x10002190       0x44 CMakeFiles/w5x00_mqtt_publish.dir/__/__/__/libraries/pico-sdk/src/rp2_common/hardware_watchdog/watchdog.c.obj
                0x10002190                watchdog_reboot
 .text.xosc_init
                0x100021d4       0x28 CMakeFiles/w5x00_mqtt_publish.dir/__/__/__/libraries/pico-sdk/src/rp2_common/hardware_xosc/xosc.c.obj
                0x100021d4                xosc_init
 .text._out_null
                0x100021fc        0x2 CMakeFiles/w5x00_mqtt_publish.dir/__/__/__/libraries/pico-sdk/src/rp2_common/pico_printf/printf.c.obj
 .text._out_fct
                0x100021fe        0xe CMakeFiles/w5x00_mqtt_publish.dir/__/__/__/libraries/pico-sdk/src/rp2_common/pico_printf/printf.c.obj
 .text._atoi    0x1000220c       0x28 CMakeFiles/w5x00_mqtt_publish.dir/__/__/__/libraries/pico-sdk/src/rp2_common/pico_printf/printf.c.obj
 .text._out_rev
                0x10002234       0x8c CMakeFiles/w5x00_mqtt_publish.dir/__/__/__/libraries/pico-sdk/src/rp2_common/pico_printf/printf.c.obj
 .text._ntoa_format
                0x100022c0      0x10c CMakeFiles/w5x00_mqtt_publish.dir/__/__/__/libraries/pico-sdk/src/rp2_common/pico_printf/printf.c.obj
 .text._ntoa_long
                0x100023cc       0xb0 CMakeFiles/w5x00_mqtt_publish.dir/__/__/__/libraries/pico-sdk/src/rp2_common/pico_printf/printf.c.obj
 .text._ntoa_long_long
                0x1000247c       0xe6 CMakeFiles/w5x00_mqtt_publish.dir/__/__/__/libraries/pico-sdk/src/rp2_common/pico_printf/printf.c.obj
 *fill*         0x10002562        0x2 
 .text._etoa    0x10002564      0x408 CMakeFiles/w5x00_mqtt_publish.dir/__/__/__/libraries/pico-sdk/src/rp2_common/pico_printf/printf.c.obj
 .text._ftoa    0x1000296c      0x344 CMakeFiles/w5x00_mqtt_publish.dir/__/__/__/libraries/pico-sdk/src/rp2_common/pico_printf/printf.c.obj
 .text._vsnprintf
                0x10002cb0      0x61c CMakeFiles/w5x00_mqtt_publish.dir/__/__/__/libraries/pico-sdk/src/rp2_common/pico_printf/printf.c.obj
 .text.vfctprintf
                0x100032cc       0x20 CMakeFiles/w5x00_mqtt_publish.dir/__/__/__/libraries/pico-sdk/src/rp2_common/pico_printf/printf.c.obj
                0x100032cc                vfctprintf
 .text          0x100032ec       0x10 CMakeFiles/w5x00_mqtt_publish.dir/__/__/__/libraries/pico-sdk/src/rp2_common/pico_bit_ops/bit_ops_aeabi.S.obj
 .text.rom_func_lookup
                0x100032fc       0x10 CMakeFiles/w5x00_mqtt_publish.dir/__/__/__/libraries/pico-sdk/src/rp2_common/pico_bootrom/bootrom.c.obj
                0x100032fc                rom_func_lookup
 .text.rom_data_lookup
                0x1000330c       0x10 CMakeFiles/w5x00_mqtt_publish.dir/__/__/__/libraries/pico-sdk/src/rp2_common/pico_bootrom/bootrom.c.obj
                0x1000330c                rom_data_lookup
 .text.rom_funcs_lookup
                0x1000331c       0x36 CMakeFiles/w5x00_mqtt_publish.dir/__/__/__/libraries/pico-sdk/src/rp2_common/pico_bootrom/bootrom.c.obj
                0x1000331c                rom_funcs_lookup
 *fill*         0x10003352        0x2 
 .text.__wrap___aeabi_idiv
                0x10003354       0x50 CMakeFiles/w5x00_mqtt_publish.dir/__/__/__/libraries/pico-sdk/src/rp2_common/pico_divider/divider.S.obj
                0x10003354                __wrap___aeabi_idivmod
                0x10003354                divmod_s32s32
                0x10003354                div_s32s32
                0x10003354                __wrap___aeabi_idiv
                0x1000335c                divmod_s32s32_unsafe
                0x10003388                divmod_s32s32_savestate
 .text.__wrap___aeabi_uidiv
                0x100033a4       0x4c CMakeFiles/w5x00_mqtt_publish.dir/__/__/__/libraries/pico-sdk/src/rp2_common/pico_divider/divider.S.obj
                0x100033a4                __wrap___aeabi_uidiv
                0x100033a4                __wrap___aeabi_uidivmod
                0x100033a4                div_u32u32
                0x100033a4                divmod_u32u32
                0x100033ac                divmod_u32u32_unsafe
                0x100033d4                divmod_u32u32_savestate
 .text.__wrap___aeabi_ldiv
                0x100033f0      0x434 CMakeFiles/w5x00_mqtt_publish.dir/__/__/__/libraries/pico-sdk/src/rp2_common/pico_divider/divider.S.obj
                0x100033f0                div_s64s64
                0x100033f0                divmod_s64s64
                0x100033f0                __wrap___aeabi_ldivmod
                0x10003428                div_u64u64
                0x10003428                divmod_u64u64
                0x10003428                __wrap___aeabi_uldivmod
                0x10003438                divmod_u64u64_savestate
                0x10003460                divmod_s64s64_unsafe
                0x100034e8                divmod_u64u64_unsafe
 .text.__wrap___aeabi_darithmetic
                0x10003824       0x80 CMakeFiles/w5x00_mqtt_publish.dir/__/__/__/libraries/pico-sdk/src/rp2_common/pico_double/double_aeabi.S.obj
                0x10003824                __wrap___aeabi_drsub
                0x1000382a                __wrap___aeabi_dsub
                0x1000383c                __wrap___aeabi_dadd
                0x1000384e                __wrap___aeabi_ddiv
                0x1000388a                __wrap___aeabi_dmul
 .text.__wrap___aeabi_cdcmple
                0x100038a4       0x6c CMakeFiles/w5x00_mqtt_publish.dir/__/__/__/libraries/pico-sdk/src/rp2_common/pico_double/double_aeabi.S.obj
                0x100038a4                __wrap___aeabi_cdrcmple
                0x100038b4                __wrap___aeabi_cdcmple
                0x100038b4                __wrap___aeabi_cdcmpeq
 .text.__wrap___aeabi_dcmplt
                0x10003910        0xc CMakeFiles/w5x00_mqtt_publish.dir/__/__/__/libraries/pico-sdk/src/rp2_common/pico_double/double_aeabi.S.obj
                0x10003910                __wrap___aeabi_dcmplt
 .text.__wrap___aeabi_dcmple
                0x1000391c       0x10 CMakeFiles/w5x00_mqtt_publish.dir/__/__/__/libraries/pico-sdk/src/rp2_common/pico_double/double_aeabi.S.obj
                0x1000391c                __wrap___aeabi_dcmple
 .text.__wrap___aeabi_dcmpge
                0x1000392c       0x10 CMakeFiles/w5x00_mqtt_publish.dir/__/__/__/libraries/pico-sdk/src/rp2_common/pico_double/double_aeabi.S.obj
                0x1000392c                __wrap___aeabi_dcmpge
 .text.__wrap___aeabi_dcmpgt
                0x1000393c        0xa CMakeFiles/w5x00_mqtt_publish.dir/__/__/__/libraries/pico-sdk/src/rp2_common/pico_double/double_aeabi.S.obj
                0x1000393c                __wrap___aeabi_dcmpgt
 .text.__wrap___aeabi_dcmpun
                0x10003946       0x1c CMakeFiles/w5x00_mqtt_publish.dir/__/__/__/libraries/pico-sdk/src/rp2_common/pico_double/double_aeabi.S.obj
                0x10003946                __wrap___aeabi_dcmpun
 *fill*         0x10003962        0x2 
 .text.__wrap___aeabi_i2d
                0x10003964       0x38 CMakeFiles/w5x00_mqtt_publish.dir/__/__/__/libraries/pico-sdk/src/rp2_common/pico_double/double_aeabi.S.obj
                0x10003964                __wrap___aeabi_ui2d
                0x1000396c                __wrap___aeabi_i2d
 .text.__wrap___aeabi_d2iz
                0x1000399c       0x48 CMakeFiles/w5x00_mqtt_publish.dir/__/__/__/libraries/pico-sdk/src/rp2_common/pico_double/double_aeabi.S.obj
                0x1000399c                __wrap___aeabi_d2iz
                0x1000399c                double2int_z
 .text.__wrap___aeabi_d2uiz
                0x100039e4       0x18 CMakeFiles/w5x00_mqtt_publish.dir/__/__/__/libraries/pico-sdk/src/rp2_common/pico_double/double_aeabi.S.obj
                0x100039e4                double2uint
                0x100039e4                __wrap___aeabi_d2uiz
 .text.__aeabi_double_init
                0x100039fc       0xc8 CMakeFiles/w5x00_mqtt_publish.dir/__/__/__/libraries/pico-sdk/src/rp2_common/pico_double/double_init_rom.c.obj
                0x100039fc                __aeabi_double_init
 .text.double_table_shim_on_use_helper
                0x10003ac4       0x34 CMakeFiles/w5x00_mqtt_publish.dir/__/__/__/libraries/pico-sdk/src/rp2_common/pico_double/double_v1_rom_shim.S.obj
                0x10003ac4                double_table_shim_on_use_helper
 .text.__wrap___aeabi_dsub
                0x10003af8       0x10 CMakeFiles/w5x00_mqtt_publish.dir/__/__/__/libraries/pico-sdk/src/rp2_common/pico_double/double_v1_rom_shim.S.obj
                0x10003af8                drsub_shim
                0x10003afe                dsub_shim
 .text.dadd_shim
                0x10003b08      0x15c CMakeFiles/w5x00_mqtt_publish.dir/__/__/__/libraries/pico-sdk/src/rp2_common/pico_double/double_v1_rom_shim.S.obj
                0x10003b08                dadd_shim
 .text.dmul_shim
                0x10003c64      0x15c CMakeFiles/w5x00_mqtt_publish.dir/__/__/__/libraries/pico-sdk/src/rp2_common/pico_double/double_v1_rom_shim.S.obj
                0x10003c64                dmul_shim
 .text.ddiv_shim
                0x10003dc0      0x1b0 CMakeFiles/w5x00_mqtt_publish.dir/__/__/__/libraries/pico-sdk/src/rp2_common/pico_double/double_v1_rom_shim.S.obj
                0x10003dc0                ddiv_shim
 .text.double2uint_shim
                0x10003f70        0xe CMakeFiles/w5x00_mqtt_publish.dir/__/__/__/libraries/pico-sdk/src/rp2_common/pico_double/double_v1_rom_shim.S.obj
                0x10003f70                double2uint_shim
                0x10003f72                double2ufix_shim
 *fill*         0x10003f7e        0x2 
 .text.double2uint64_shim
                0x10003f80       0x70 CMakeFiles/w5x00_mqtt_publish.dir/__/__/__/libraries/pico-sdk/src/rp2_common/pico_double/double_v1_rom_shim.S.obj
                0x10003f80                double2uint64_shim
                0x10003f82                double2ufix64_shim
                0x10003fa2                d2fix_a
 .text.dunpacks
                0x10003ff0       0x3c CMakeFiles/w5x00_mqtt_publish.dir/__/__/__/libraries/pico-sdk/src/rp2_common/pico_double/double_v1_rom_shim.S.obj
                0x10003ff0                dunpacks
 .text.__aeabi_lmul
                0x1000402c       0x32 CMakeFiles/w5x00_mqtt_publish.dir/__/__/__/libraries/pico-sdk/src/rp2_common/pico_int64_ops/pico_int64_ops_aeabi.S.obj
                0x1000402c                __wrap___aeabi_lmul
 *fill*         0x1000405e        0x2 
 .text.__aeabi_float_init
                0x10004060       0xfc CMakeFiles/w5x00_mqtt_publish.dir/__/__/__/libraries/pico-sdk/src/rp2_common/pico_float/float_init_rom.c.obj
                0x10004060                __aeabi_float_init
 .text.float_table_shim_on_use_helper
                0x1000415c       0x34 CMakeFiles/w5x00_mqtt_publish.dir/__/__/__/libraries/pico-sdk/src/rp2_common/pico_float/float_v1_rom_shim.S.obj
                0x1000415c                float_table_shim_on_use_helper
 .text          0x10004190       0x10 CMakeFiles/w5x00_mqtt_publish.dir/__/__/__/libraries/pico-sdk/src/rp2_common/pico_mem_ops/mem_ops_aeabi.S.obj
                0x10004190                __aeabi_mem_init
 .text.memset   0x100041a0        0xc CMakeFiles/w5x00_mqtt_publish.dir/__/__/__/libraries/pico-sdk/src/rp2_common/pico_mem_ops/mem_ops_aeabi.S.obj
                0x100041a0                __wrap_memset
 .text.memcpy   0x100041ac        0xc CMakeFiles/w5x00_mqtt_publish.dir/__/__/__/libraries/pico-sdk/src/rp2_common/pico_mem_ops/mem_ops_aeabi.S.obj
                0x100041ac                __wrap___aeabi_memcpy
                0x100041ac                __wrap_memcpy
 .text.stdio_out_chars_no_crlf
                0x100041b8        0xe CMakeFiles/w5x00_mqtt_publish.dir/__/__/__/libraries/pico-sdk/src/rp2_common/pico_stdio/stdio.c.obj
 *fill*         0x100041c6        0x2 
 .text.stdio_out_chars_crlf
                0x100041c8       0x80 CMakeFiles/w5x00_mqtt_publish.dir/__/__/__/libraries/pico-sdk/src/rp2_common/pico_stdio/stdio.c.obj
 .text.stdio_stack_buffer_flush
                0x10004248       0x44 CMakeFiles/w5x00_mqtt_publish.dir/__/__/__/libraries/pico-sdk/src/rp2_common/pico_stdio/stdio.c.obj
 .text.stdio_buffered_printer
                0x1000428c       0x20 CMakeFiles/w5x00_mqtt_publish.dir/__/__/__/libraries/pico-sdk/src/rp2_common/pico_stdio/stdio.c.obj
 .text.stdout_serialize_begin
                0x100042ac       0x30 CMakeFiles/w5x00_mqtt_publish.dir/__/__/__/libraries/pico-sdk/src/rp2_common/pico_stdio/stdio.c.obj
                0x100042ac                stdout_serialize_begin
 .text.stdout_serialize_end
                0x100042dc       0x10 CMakeFiles/w5x00_mqtt_publish.dir/__/__/__/libraries/pico-sdk/src/rp2_common/pico_stdio/stdio.c.obj
                0x100042dc                stdout_serialize_end
 .text.stdio_put_string
                0x100042ec       0x94 CMakeFiles/w5x00_mqtt_publish.dir/__/__/__/libraries/pico-sdk/src/rp2_common/pico_stdio/stdio.c.obj
 .text.stdio_set_driver_enabled
                0x10004380       0x38 CMakeFiles/w5x00_mqtt_publish.dir/__/__/__/libraries/pico-sdk/src/rp2_common/pico_stdio/stdio.c.obj
                0x10004380                stdio_set_driver_enabled
 .text.stdio_flush
                0x100043b8       0x20 CMakeFiles/w5x00_mqtt_publish.dir/__/__/__/libraries/pico-sdk/src/rp2_common/pico_stdio/stdio.c.obj
                0x100043b8                stdio_flush
 .text.__wrap_puts
                0x100043d8       0x1e CMakeFiles/w5x00_mqtt_publish.dir/__/__/__/libraries/pico-sdk/src/rp2_common/pico_stdio/stdio.c.obj
                0x100043d8                __wrap_puts
 *fill*         0x100043f6        0x2 
 .text.__wrap_vprintf
                0x100043f8       0x44 CMakeFiles/w5x00_mqtt_publish.dir/__/__/__/libraries/pico-sdk/src/rp2_common/pico_stdio/stdio.c.obj
                0x100043f8                __wrap_vprintf
 .text.__wrap_printf
                0x1000443c       0x18 CMakeFiles/w5x00_mqtt_publish.dir/__/__/__/libraries/pico-sdk/src/rp2_common/pico_stdio/stdio.c.obj
                0x1000443c                __wrap_printf
 .text.stdio_init_all
                0x10004454        0x8 CMakeFiles/w5x00_mqtt_publish.dir/__/__/__/libraries/pico-sdk/src/rp2_common/pico_stdio/stdio.c.obj
                0x10004454                stdio_init_all
 .text.resetd_init
                0x1000445c        0x2 CMakeFiles/w5x00_mqtt_publish.dir/__/__/__/libraries/pico-sdk/src/rp2_common/pico_stdio_usb/reset_interface.c.obj
 *fill*         0x1000445e        0x2 
 .text.resetd_reset
                0x10004460        0xc CMakeFiles/w5x00_mqtt_publish.dir/__/__/__/libraries/pico-sdk/src/rp2_common/pico_stdio_usb/reset_interface.c.obj
 .text.resetd_open
                0x1000446c       0x34 CMakeFiles/w5x00_mqtt_publish.dir/__/__/__/libraries/pico-sdk/src/rp2_common/pico_stdio_usb/reset_interface.c.obj
 .text.resetd_xfer_cb
                0x100044a0        0x4 CMakeFiles/w5x00_mqtt_publish.dir/__/__/__/libraries/pico-sdk/src/rp2_common/pico_stdio_usb/reset_interface.c.obj
 .text.resetd_control_xfer_cb
                0x100044a4       0x6c CMakeFiles/w5x00_mqtt_publish.dir/__/__/__/libraries/pico-sdk/src/rp2_common/pico_stdio_usb/reset_interface.c.obj
 .text.usbd_app_driver_get_cb
                0x10004510        0xc CMakeFiles/w5x00_mqtt_publish.dir/__/__/__/libraries/pico-sdk/src/rp2_common/pico_stdio_usb/reset_interface.c.obj
                0x10004510                usbd_app_driver_get_cb
 .text.tud_cdc_line_coding_cb
                0x1000451c       0x34 CMakeFiles/w5x00_mqtt_publish.dir/__/__/__/libraries/pico-sdk/src/rp2_common/pico_stdio_usb/reset_interface.c.obj
                0x1000451c                tud_cdc_line_coding_cb
 .text.stdio_usb_in_chars
                0x10004550       0x70 CMakeFiles/w5x00_mqtt_publish.dir/__/__/__/libraries/pico-sdk/src/rp2_common/pico_stdio_usb/stdio_usb.c.obj
                0x10004550                stdio_usb_in_chars
 .text.low_priority_worker_irq
                0x100045c0       0x20 CMakeFiles/w5x00_mqtt_publish.dir/__/__/__/libraries/pico-sdk/src/rp2_common/pico_stdio_usb/stdio_usb.c.obj
 .text.stdio_usb_out_chars
                0x100045e0       0xd4 CMakeFiles/w5x00_mqtt_publish.dir/__/__/__/libraries/pico-sdk/src/rp2_common/pico_stdio_usb/stdio_usb.c.obj
 .text.timer_task
                0x100046b4       0x10 CMakeFiles/w5x00_mqtt_publish.dir/__/__/__/libraries/pico-sdk/src/rp2_common/pico_stdio_usb/stdio_usb.c.obj
 .text.stdio_usb_init
                0x100046c4       0xb4 CMakeFiles/w5x00_mqtt_publish.dir/__/__/__/libraries/pico-sdk/src/rp2_common/pico_stdio_usb/stdio_usb.c.obj
                0x100046c4                stdio_usb_init
 .text.tud_descriptor_device_cb
                0x10004778        0x8 CMakeFiles/w5x00_mqtt_publish.dir/__/__/__/libraries/pico-sdk/src/rp2_common/pico_stdio_usb/stdio_usb_descriptors.c.obj
                0x10004778                tud_descriptor_device_cb
 .text.tud_descriptor_configuration_cb
                0x10004780        0x8 CMakeFiles/w5x00_mqtt_publish.dir/__/__/__/libraries/pico-sdk/src/rp2_common/pico_stdio_usb/stdio_usb_descriptors.c.obj
                0x10004780                tud_descriptor_configuration_cb
 .text.tud_descriptor_string_cb
                0x10004788       0x6c CMakeFiles/w5x00_mqtt_publish.dir/__/__/__/libraries/pico-sdk/src/rp2_common/pico_stdio_usb/stdio_usb_descriptors.c.obj
                0x10004788                tud_descriptor_string_cb
 .text.hw_endpoint_get_by_addr
                0x100047f4       0x18 CMakeFiles/w5x00_mqtt_publish.dir/__/__/__/libraries/pico-sdk/lib/tinyusb/src/portable/raspberrypi/rp2040/dcd_rp2040.c.obj
 .text.reset_ep0_pid
                0x1000480c       0x28 CMakeFiles/w5x00_mqtt_publish.dir/__/__/__/libraries/pico-sdk/lib/tinyusb/src/portable/raspberrypi/rp2040/dcd_rp2040.c.obj
 .text._hw_endpoint_alloc
                0x10004834       0x70 CMakeFiles/w5x00_mqtt_publish.dir/__/__/__/libraries/pico-sdk/lib/tinyusb/src/portable/raspberrypi/rp2040/dcd_rp2040.c.obj
 .text.hw_endpoint_init
                0x100048a4       0x88 CMakeFiles/w5x00_mqtt_publish.dir/__/__/__/libraries/pico-sdk/lib/tinyusb/src/portable/raspberrypi/rp2040/dcd_rp2040.c.obj
 .text.reset_non_control_endpoints
                0x1000492c       0x40 CMakeFiles/w5x00_mqtt_publish.dir/__/__/__/libraries/pico-sdk/lib/tinyusb/src/portable/raspberrypi/rp2040/dcd_rp2040.c.obj
 .text.hw_handle_buff_status
                0x1000496c       0x8c CMakeFiles/w5x00_mqtt_publish.dir/__/__/__/libraries/pico-sdk/lib/tinyusb/src/portable/raspberrypi/rp2040/dcd_rp2040.c.obj
 .text.dcd_rp2040_irq
                0x100049f8       0xbc CMakeFiles/w5x00_mqtt_publish.dir/__/__/__/libraries/pico-sdk/lib/tinyusb/src/portable/raspberrypi/rp2040/dcd_rp2040.c.obj
 .text.hw_endpoint_xfer
                0x10004ab4       0x14 CMakeFiles/w5x00_mqtt_publish.dir/__/__/__/libraries/pico-sdk/lib/tinyusb/src/portable/raspberrypi/rp2040/dcd_rp2040.c.obj
 .text.dcd_int_enable
                0x10004ac8       0x2c CMakeFiles/w5x00_mqtt_publish.dir/__/__/__/libraries/pico-sdk/lib/tinyusb/src/portable/raspberrypi/rp2040/dcd_rp2040.c.obj
                0x10004ac8                dcd_int_enable
 .text.dcd_set_address
                0x10004af4       0x2c CMakeFiles/w5x00_mqtt_publish.dir/__/__/__/libraries/pico-sdk/lib/tinyusb/src/portable/raspberrypi/rp2040/dcd_rp2040.c.obj
                0x10004af4                dcd_set_address
 .text.dcd_connect
                0x10004b20       0x10 CMakeFiles/w5x00_mqtt_publish.dir/__/__/__/libraries/pico-sdk/lib/tinyusb/src/portable/raspberrypi/rp2040/dcd_rp2040.c.obj
                0x10004b20                dcd_connect
 .text.dcd_init
                0x10004b30       0x7c CMakeFiles/w5x00_mqtt_publish.dir/__/__/__/libraries/pico-sdk/lib/tinyusb/src/portable/raspberrypi/rp2040/dcd_rp2040.c.obj
                0x10004b30                dcd_init
 .text.dcd_edpt0_status_complete
                0x10004bac       0x1c CMakeFiles/w5x00_mqtt_publish.dir/__/__/__/libraries/pico-sdk/lib/tinyusb/src/portable/raspberrypi/rp2040/dcd_rp2040.c.obj
                0x10004bac                dcd_edpt0_status_complete
 .text.dcd_edpt_open
                0x10004bc8       0x40 CMakeFiles/w5x00_mqtt_publish.dir/__/__/__/libraries/pico-sdk/lib/tinyusb/src/portable/raspberrypi/rp2040/dcd_rp2040.c.obj
                0x10004bc8                dcd_edpt_open
 .text.dcd_edpt_close_all
                0x10004c08        0x8 CMakeFiles/w5x00_mqtt_publish.dir/__/__/__/libraries/pico-sdk/lib/tinyusb/src/portable/raspberrypi/rp2040/dcd_rp2040.c.obj
                0x10004c08                dcd_edpt_close_all
 .text.dcd_edpt_xfer
                0x10004c10       0x30 CMakeFiles/w5x00_mqtt_publish.dir/__/__/__/libraries/pico-sdk/lib/tinyusb/src/portable/raspberrypi/rp2040/dcd_rp2040.c.obj
                0x10004c10                dcd_edpt_xfer
 .text.dcd_edpt_stall
                0x10004c40       0x2c CMakeFiles/w5x00_mqtt_publish.dir/__/__/__/libraries/pico-sdk/lib/tinyusb/src/portable/raspberrypi/rp2040/dcd_rp2040.c.obj
                0x10004c40                dcd_edpt_stall
 .text.dcd_edpt_clear_stall
                0x10004c6c       0x20 CMakeFiles/w5x00_mqtt_publish.dir/__/__/__/libraries/pico-sdk/lib/tinyusb/src/portable/raspberrypi/rp2040/dcd_rp2040.c.obj
                0x10004c6c                dcd_edpt_clear_stall
 .text.prepare_ep_buffer
                0x10004c8c       0x70 CMakeFiles/w5x00_mqtt_publish.dir/__/__/__/libraries/pico-sdk/lib/tinyusb/src/portable/raspberrypi/rp2040/rp2040_usb.c.obj
 .text.sync_ep_buffer
                0x10004cfc       0x7c CMakeFiles/w5x00_mqtt_publish.dir/__/__/__/libraries/pico-sdk/lib/tinyusb/src/portable/raspberrypi/rp2040/rp2040_usb.c.obj
 .text._hw_endpoint_xfer_sync
                0x10004d78       0x28 CMakeFiles/w5x00_mqtt_publish.dir/__/__/__/libraries/pico-sdk/lib/tinyusb/src/portable/raspberrypi/rp2040/rp2040_usb.c.obj
 .text.rp2040_usb_init
                0x10004da0       0x4c CMakeFiles/w5x00_mqtt_publish.dir/__/__/__/libraries/pico-sdk/lib/tinyusb/src/portable/raspberrypi/rp2040/rp2040_usb.c.obj
                0x10004da0                rp2040_usb_init
 .text.hw_endpoint_reset_transfer
                0x10004dec        0xc CMakeFiles/w5x00_mqtt_publish.dir/__/__/__/libraries/pico-sdk/lib/tinyusb/src/portable/raspberrypi/rp2040/rp2040_usb.c.obj
                0x10004dec                hw_endpoint_reset_transfer
 .text._hw_endpoint_buffer_control_update32
                0x10004df8       0x58 CMakeFiles/w5x00_mqtt_publish.dir/__/__/__/libraries/pico-sdk/lib/tinyusb/src/portable/raspberrypi/rp2040/rp2040_usb.c.obj
                0x10004df8                _hw_endpoint_buffer_control_update32
 .text._hw_endpoint_start_next_buffer
                0x10004e50       0x74 CMakeFiles/w5x00_mqtt_publish.dir/__/__/__/libraries/pico-sdk/lib/tinyusb/src/portable/raspberrypi/rp2040/rp2040_usb.c.obj
 .text.hw_endpoint_xfer_start
                0x10004ec4       0x48 CMakeFiles/w5x00_mqtt_publish.dir/__/__/__/libraries/pico-sdk/lib/tinyusb/src/portable/raspberrypi/rp2040/rp2040_usb.c.obj
                0x10004ec4                hw_endpoint_xfer_start
 .text.hw_endpoint_xfer_continue
                0x10004f0c       0x38 CMakeFiles/w5x00_mqtt_publish.dir/__/__/__/libraries/pico-sdk/lib/tinyusb/src/portable/raspberrypi/rp2040/rp2040_usb.c.obj
                0x10004f0c                hw_endpoint_xfer_continue
 .text.configuration_reset
                0x10004f44       0x84 CMakeFiles/w5x00_mqtt_publish.dir/__/__/__/libraries/pico-sdk/lib/tinyusb/src/device/usbd.c.obj
 .text.usbd_reset
                0x10004fc8        0xc CMakeFiles/w5x00_mqtt_publish.dir/__/__/__/libraries/pico-sdk/lib/tinyusb/src/device/usbd.c.obj
 .text.invoke_class_control
                0x10004fd4       0x1a CMakeFiles/w5x00_mqtt_publish.dir/__/__/__/libraries/pico-sdk/lib/tinyusb/src/device/usbd.c.obj
 *fill*         0x10004fee        0x2 
 .text.process_set_config
                0x10004ff0      0x1a8 CMakeFiles/w5x00_mqtt_publish.dir/__/__/__/libraries/pico-sdk/lib/tinyusb/src/device/usbd.c.obj
 .text.process_get_descriptor
                0x10005198       0xf8 CMakeFiles/w5x00_mqtt_publish.dir/__/__/__/libraries/pico-sdk/lib/tinyusb/src/device/usbd.c.obj
 .text.tud_mounted
                0x10005290       0x10 CMakeFiles/w5x00_mqtt_publish.dir/__/__/__/libraries/pico-sdk/lib/tinyusb/src/device/usbd.c.obj
                0x10005290                tud_mounted
 .text.tud_suspended
                0x100052a0       0x10 CMakeFiles/w5x00_mqtt_publish.dir/__/__/__/libraries/pico-sdk/lib/tinyusb/src/device/usbd.c.obj
                0x100052a0                tud_suspended
 .text.tud_inited
                0x100052b0        0xc CMakeFiles/w5x00_mqtt_publish.dir/__/__/__/libraries/pico-sdk/lib/tinyusb/src/device/usbd.c.obj
                0x100052b0                tud_inited
 .text.tud_init
                0x100052bc       0xcc CMakeFiles/w5x00_mqtt_publish.dir/__/__/__/libraries/pico-sdk/lib/tinyusb/src/device/usbd.c.obj
                0x100052bc                tud_init
 .text.dcd_event_handler
                0x10005388      0x1e0 CMakeFiles/w5x00_mqtt_publish.dir/__/__/__/libraries/pico-sdk/lib/tinyusb/src/device/usbd.c.obj
                0x10005388                dcd_event_handler
 .text.dcd_event_bus_signal
                0x10005568       0x28 CMakeFiles/w5x00_mqtt_publish.dir/__/__/__/libraries/pico-sdk/lib/tinyusb/src/device/usbd.c.obj
                0x10005568                dcd_event_bus_signal
 .text.dcd_event_bus_reset
                0x10005590       0x2c CMakeFiles/w5x00_mqtt_publish.dir/__/__/__/libraries/pico-sdk/lib/tinyusb/src/device/usbd.c.obj
                0x10005590                dcd_event_bus_reset
 .text.dcd_event_setup_received
                0x100055bc       0x34 CMakeFiles/w5x00_mqtt_publish.dir/__/__/__/libraries/pico-sdk/lib/tinyusb/src/device/usbd.c.obj
                0x100055bc                dcd_event_setup_received
 .text.dcd_event_xfer_complete
                0x100055f0       0x46 CMakeFiles/w5x00_mqtt_publish.dir/__/__/__/libraries/pico-sdk/lib/tinyusb/src/device/usbd.c.obj
                0x100055f0                dcd_event_xfer_complete
 *fill*         0x10005636        0x2 
 .text.usbd_edpt_open
                0x10005638       0x58 CMakeFiles/w5x00_mqtt_publish.dir/__/__/__/libraries/pico-sdk/lib/tinyusb/src/device/usbd.c.obj
                0x10005638                usbd_edpt_open
 .text.usbd_open_edpt_pair
                0x10005690       0x8c CMakeFiles/w5x00_mqtt_publish.dir/__/__/__/libraries/pico-sdk/lib/tinyusb/src/device/usbd.c.obj
                0x10005690                usbd_open_edpt_pair
 .text.usbd_edpt_claim
                0x1000571c       0x88 CMakeFiles/w5x00_mqtt_publish.dir/__/__/__/libraries/pico-sdk/lib/tinyusb/src/device/usbd.c.obj
                0x1000571c                usbd_edpt_claim
 .text.usbd_edpt_release
                0x100057a4       0x68 CMakeFiles/w5x00_mqtt_publish.dir/__/__/__/libraries/pico-sdk/lib/tinyusb/src/device/usbd.c.obj
                0x100057a4                usbd_edpt_release
 .text.usbd_edpt_xfer
                0x1000580c       0x80 CMakeFiles/w5x00_mqtt_publish.dir/__/__/__/libraries/pico-sdk/lib/tinyusb/src/device/usbd.c.obj
                0x1000580c                usbd_edpt_xfer
 .text.usbd_edpt_stall
                0x1000588c       0x40 CMakeFiles/w5x00_mqtt_publish.dir/__/__/__/libraries/pico-sdk/lib/tinyusb/src/device/usbd.c.obj
                0x1000588c                usbd_edpt_stall
 .text.usbd_edpt_clear_stall
                0x100058cc       0x40 CMakeFiles/w5x00_mqtt_publish.dir/__/__/__/libraries/pico-sdk/lib/tinyusb/src/device/usbd.c.obj
                0x100058cc                usbd_edpt_clear_stall
 .text.usbd_edpt_stalled
                0x1000590c       0x1c CMakeFiles/w5x00_mqtt_publish.dir/__/__/__/libraries/pico-sdk/lib/tinyusb/src/device/usbd.c.obj
                0x1000590c                usbd_edpt_stalled
 .text.process_control_request
                0x10005928      0x3bc CMakeFiles/w5x00_mqtt_publish.dir/__/__/__/libraries/pico-sdk/lib/tinyusb/src/device/usbd.c.obj
 .text.tud_task
                0x10005ce4      0x218 CMakeFiles/w5x00_mqtt_publish.dir/__/__/__/libraries/pico-sdk/lib/tinyusb/src/device/usbd.c.obj
                0x10005ce4                tud_task
 .text._data_stage_xact
                0x10005efc       0x58 CMakeFiles/w5x00_mqtt_publish.dir/__/__/__/libraries/pico-sdk/lib/tinyusb/src/device/usbd_control.c.obj
 .text.tud_control_status
                0x10005f54       0x38 CMakeFiles/w5x00_mqtt_publish.dir/__/__/__/libraries/pico-sdk/lib/tinyusb/src/device/usbd_control.c.obj
                0x10005f54                tud_control_status
 .text.tud_control_xfer
                0x10005f8c       0xa4 CMakeFiles/w5x00_mqtt_publish.dir/__/__/__/libraries/pico-sdk/lib/tinyusb/src/device/usbd_control.c.obj
                0x10005f8c                tud_control_xfer
 .text.usbd_control_reset
                0x10006030       0x14 CMakeFiles/w5x00_mqtt_publish.dir/__/__/__/libraries/pico-sdk/lib/tinyusb/src/device/usbd_control.c.obj
                0x10006030                usbd_control_reset
 .text.usbd_control_set_complete_callback
                0x10006044        0xc CMakeFiles/w5x00_mqtt_publish.dir/__/__/__/libraries/pico-sdk/lib/tinyusb/src/device/usbd_control.c.obj
                0x10006044                usbd_control_set_complete_callback
 .text.usbd_control_set_request
                0x10006050       0x1c CMakeFiles/w5x00_mqtt_publish.dir/__/__/__/libraries/pico-sdk/lib/tinyusb/src/device/usbd_control.c.obj
                0x10006050                usbd_control_set_request
 .text.usbd_control_xfer_cb
                0x1000606c       0xfc CMakeFiles/w5x00_mqtt_publish.dir/__/__/__/libraries/pico-sdk/lib/tinyusb/src/device/usbd_control.c.obj
                0x1000606c                usbd_control_xfer_cb
 .text._prep_out_transaction
                0x10006168       0x46 CMakeFiles/w5x00_mqtt_publish.dir/__/__/__/libraries/pico-sdk/lib/tinyusb/src/class/cdc/cdc_device.c.obj
 *fill*         0x100061ae        0x2 
 .text.tud_cdc_n_connected
                0x100061b0       0x44 CMakeFiles/w5x00_mqtt_publish.dir/__/__/__/libraries/pico-sdk/lib/tinyusb/src/class/cdc/cdc_device.c.obj
                0x100061b0                tud_cdc_n_connected
 .text.tud_cdc_n_available
                0x100061f4       0x18 CMakeFiles/w5x00_mqtt_publish.dir/__/__/__/libraries/pico-sdk/lib/tinyusb/src/class/cdc/cdc_device.c.obj
                0x100061f4                tud_cdc_n_available
 .text.tud_cdc_n_read
                0x1000620c       0x28 CMakeFiles/w5x00_mqtt_publish.dir/__/__/__/libraries/pico-sdk/lib/tinyusb/src/class/cdc/cdc_device.c.obj
                0x1000620c                tud_cdc_n_read
 .text.tud_cdc_n_write_flush
                0x10006234       0xcc CMakeFiles/w5x00_mqtt_publish.dir/__/__/__/libraries/pico-sdk/lib/tinyusb/src/class/cdc/cdc_device.c.obj
                0x10006234                tud_cdc_n_write_flush
 .text.tud_cdc_n_write
                0x10006300       0x38 CMakeFiles/w5x00_mqtt_publish.dir/__/__/__/libraries/pico-sdk/lib/tinyusb/src/class/cdc/cdc_device.c.obj
                0x10006300                tud_cdc_n_write
 .text.tud_cdc_n_write_available
                0x10006338       0x1c CMakeFiles/w5x00_mqtt_publish.dir/__/__/__/libraries/pico-sdk/lib/tinyusb/src/class/cdc/cdc_device.c.obj
                0x10006338                tud_cdc_n_write_available
 .text.cdcd_init
                0x10006354       0xb8 CMakeFiles/w5x00_mqtt_publish.dir/__/__/__/libraries/pico-sdk/lib/tinyusb/src/class/cdc/cdc_device.c.obj
                0x10006354                cdcd_init
 .text.cdcd_reset
                0x1000640c       0x44 CMakeFiles/w5x00_mqtt_publish.dir/__/__/__/libraries/pico-sdk/lib/tinyusb/src/class/cdc/cdc_device.c.obj
                0x1000640c                cdcd_reset
 .text.cdcd_open
                0x10006450       0xf8 CMakeFiles/w5x00_mqtt_publish.dir/__/__/__/libraries/pico-sdk/lib/tinyusb/src/class/cdc/cdc_device.c.obj
                0x10006450                cdcd_open
 .text.cdcd_control_xfer_cb
                0x10006548      0x134 CMakeFiles/w5x00_mqtt_publish.dir/__/__/__/libraries/pico-sdk/lib/tinyusb/src/class/cdc/cdc_device.c.obj
                0x10006548                cdcd_control_xfer_cb
 .text.cdcd_xfer_cb
                0x1000667c      0x13c CMakeFiles/w5x00_mqtt_publish.dir/__/__/__/libraries/pico-sdk/lib/tinyusb/src/class/cdc/cdc_device.c.obj
                0x1000667c                cdcd_xfer_cb
 .text.tusb_init
                0x100067b8       0x24 CMakeFiles/w5x00_mqtt_publish.dir/__/__/__/libraries/pico-sdk/lib/tinyusb/src/tusb.c.obj
                0x100067b8                tusb_init
 .text.tusb_inited
                0x100067dc        0xe CMakeFiles/w5x00_mqtt_publish.dir/__/__/__/libraries/pico-sdk/lib/tinyusb/src/tusb.c.obj
                0x100067dc                tusb_inited
 *fill*         0x100067ea        0x2 
 .text.tu_edpt_validate
                0x100067ec       0xa8 CMakeFiles/w5x00_mqtt_publish.dir/__/__/__/libraries/pico-sdk/lib/tinyusb/src/tusb.c.obj
                0x100067ec                tu_edpt_validate
 .text.tu_edpt_bind_driver
                0x10006894       0x2a CMakeFiles/w5x00_mqtt_publish.dir/__/__/__/libraries/pico-sdk/lib/tinyusb/src/tusb.c.obj
                0x10006894                tu_edpt_bind_driver
 .text.advance_pointer
                0x100068be       0x18 CMakeFiles/w5x00_mqtt_publish.dir/__/__/__/libraries/pico-sdk/lib/tinyusb/src/common/tusb_fifo.c.obj
 .text.backward_pointer
                0x100068d6       0x1e CMakeFiles/w5x00_mqtt_publish.dir/__/__/__/libraries/pico-sdk/lib/tinyusb/src/common/tusb_fifo.c.obj
 .text.get_relative_pointer
                0x100068f4       0x10 CMakeFiles/w5x00_mqtt_publish.dir/__/__/__/libraries/pico-sdk/lib/tinyusb/src/common/tusb_fifo.c.obj
 .text._tu_fifo_peek
                0x10006904       0x4c CMakeFiles/w5x00_mqtt_publish.dir/__/__/__/libraries/pico-sdk/lib/tinyusb/src/common/tusb_fifo.c.obj
 .text._ff_pull_const_addr
                0x10006950       0x46 CMakeFiles/w5x00_mqtt_publish.dir/__/__/__/libraries/pico-sdk/lib/tinyusb/src/common/tusb_fifo.c.obj
 .text._ff_pull_n
                0x10006996      0x100 CMakeFiles/w5x00_mqtt_publish.dir/__/__/__/libraries/pico-sdk/lib/tinyusb/src/common/tusb_fifo.c.obj
 .text._tu_fifo_peek_n
                0x10006a96       0x5e CMakeFiles/w5x00_mqtt_publish.dir/__/__/__/libraries/pico-sdk/lib/tinyusb/src/common/tusb_fifo.c.obj
 .text._tu_fifo_read_n
                0x10006af4       0x4e CMakeFiles/w5x00_mqtt_publish.dir/__/__/__/libraries/pico-sdk/lib/tinyusb/src/common/tusb_fifo.c.obj
 .text._ff_push_const_addr
                0x10006b42       0x3a CMakeFiles/w5x00_mqtt_publish.dir/__/__/__/libraries/pico-sdk/lib/tinyusb/src/common/tusb_fifo.c.obj
 .text._ff_push_n
                0x10006b7c       0xfa CMakeFiles/w5x00_mqtt_publish.dir/__/__/__/libraries/pico-sdk/lib/tinyusb/src/common/tusb_fifo.c.obj
 .text._tu_fifo_write_n
                0x10006c76       0x9e CMakeFiles/w5x00_mqtt_publish.dir/__/__/__/libraries/pico-sdk/lib/tinyusb/src/common/tusb_fifo.c.obj
 .text.tu_fifo_config
                0x10006d14       0x72 CMakeFiles/w5x00_mqtt_publish.dir/__/__/__/libraries/pico-sdk/lib/tinyusb/src/common/tusb_fifo.c.obj
                0x10006d14                tu_fifo_config
 .text.tu_fifo_count
                0x10006d86       0x24 CMakeFiles/w5x00_mqtt_publish.dir/__/__/__/libraries/pico-sdk/lib/tinyusb/src/common/tusb_fifo.c.obj
                0x10006d86                tu_fifo_count
 .text.tu_fifo_empty
                0x10006daa        0xe CMakeFiles/w5x00_mqtt_publish.dir/__/__/__/libraries/pico-sdk/lib/tinyusb/src/common/tusb_fifo.c.obj
                0x10006daa                tu_fifo_empty
 .text.tu_fifo_remaining
                0x10006db8       0x20 CMakeFiles/w5x00_mqtt_publish.dir/__/__/__/libraries/pico-sdk/lib/tinyusb/src/common/tusb_fifo.c.obj
                0x10006db8                tu_fifo_remaining
 .text.tu_fifo_read
                0x10006dd8       0x42 CMakeFiles/w5x00_mqtt_publish.dir/__/__/__/libraries/pico-sdk/lib/tinyusb/src/common/tusb_fifo.c.obj
                0x10006dd8                tu_fifo_read
 .text.tu_fifo_read_n
                0x10006e1a        0xa CMakeFiles/w5x00_mqtt_publish.dir/__/__/__/libraries/pico-sdk/lib/tinyusb/src/common/tusb_fifo.c.obj
                0x10006e1a                tu_fifo_read_n
 .text.tu_fifo_write
                0x10006e24       0x6c CMakeFiles/w5x00_mqtt_publish.dir/__/__/__/libraries/pico-sdk/lib/tinyusb/src/common/tusb_fifo.c.obj
                0x10006e24                tu_fifo_write
 .text.tu_fifo_write_n
                0x10006e90        0xa CMakeFiles/w5x00_mqtt_publish.dir/__/__/__/libraries/pico-sdk/lib/tinyusb/src/common/tusb_fifo.c.obj
                0x10006e90                tu_fifo_write_n
 .text.tu_fifo_clear
                0x10006e9a       0x4c CMakeFiles/w5x00_mqtt_publish.dir/__/__/__/libraries/pico-sdk/lib/tinyusb/src/common/tusb_fifo.c.obj
                0x10006e9a                tu_fifo_clear
 .text.tu_fifo_set_overwritable
                0x10006ee6       0x3c CMakeFiles/w5x00_mqtt_publish.dir/__/__/__/libraries/pico-sdk/lib/tinyusb/src/common/tusb_fifo.c.obj
                0x10006ee6                tu_fifo_set_overwritable
 *fill*         0x10006f22        0x2 
 .text._retrieve_unique_id_on_boot
                0x10006f24       0x10 CMakeFiles/w5x00_mqtt_publish.dir/__/__/__/libraries/pico-sdk/src/rp2_common/pico_unique_id/unique_id.c.obj
 .text.pico_get_unique_board_id_string
                0x10006f34       0x60 CMakeFiles/w5x00_mqtt_publish.dir/__/__/__/libraries/pico-sdk/src/rp2_common/pico_unique_id/unique_id.c.obj
                0x10006f34                pico_get_unique_board_id_string
 .text.flash_get_unique_id
                0x10006f94       0x40 CMakeFiles/w5x00_mqtt_publish.dir/__/__/__/libraries/pico-sdk/src/rp2_common/hardware_flash/flash.c.obj
                0x10006f94                flash_get_unique_id
 .text.spi_set_baudrate
                0x10006fd4       0x92 CMakeFiles/w5x00_mqtt_publish.dir/__/__/__/libraries/pico-sdk/src/rp2_common/hardware_spi/spi.c.obj
                0x10006fd4                spi_set_baudrate
 *fill*         0x10007066        0x2 
 .text.spi_init
                0x10007068       0x68 CMakeFiles/w5x00_mqtt_publish.dir/__/__/__/libraries/pico-sdk/src/rp2_common/hardware_spi/spi.c.obj
                0x10007068                spi_init
 .text.close    0x100070d0       0x74 CMakeFiles/w5x00_mqtt_publish.dir/__/__/__/libraries/ioLibrary_Driver/Ethernet/socket.c.obj
                0x100070d0                close
 .text.socket   0x10007144      0x148 CMakeFiles/w5x00_mqtt_publish.dir/__/__/__/libraries/ioLibrary_Driver/Ethernet/socket.c.obj
                0x10007144                socket
 .text.connect  0x1000728c       0xf4 CMakeFiles/w5x00_mqtt_publish.dir/__/__/__/libraries/ioLibrary_Driver/Ethernet/socket.c.obj
                0x1000728c                connect
 .text.disconnect
                0x10007380       0x84 CMakeFiles/w5x00_mqtt_publish.dir/__/__/__/libraries/ioLibrary_Driver/Ethernet/socket.c.obj
                0x10007380                disconnect
 .text.send     0x10007404      0x138 CMakeFiles/w5x00_mqtt_publish.dir/__/__/__/libraries/ioLibrary_Driver/Ethernet/socket.c.obj
                0x10007404                send
 .text.recv     0x1000753c      0x118 CMakeFiles/w5x00_mqtt_publish.dir/__/__/__/libraries/ioLibrary_Driver/Ethernet/socket.c.obj
                0x1000753c                recv
 .text.wizchip_cris_enter
                0x10007654        0x2 CMakeFiles/w5x00_mqtt_publish.dir/__/__/__/libraries/ioLibrary_Driver/Ethernet/wizchip_conf.c.obj
                0x10007654                wizchip_cris_enter
 .text.wizchip_cris_exit
                0x10007656        0x2 CMakeFiles/w5x00_mqtt_publish.dir/__/__/__/libraries/ioLibrary_Driver/Ethernet/wizchip_conf.c.obj
                0x10007656                wizchip_cris_exit
 .text.wizchip_cs_select
                0x10007658        0x2 CMakeFiles/w5x00_mqtt_publish.dir/__/__/__/libraries/ioLibrary_Driver/Ethernet/wizchip_conf.c.obj
                0x10007658                wizchip_cs_select
 .text.wizchip_cs_deselect
                0x1000765a        0x2 CMakeFiles/w5x00_mqtt_publish.dir/__/__/__/libraries/ioLibrary_Driver/Ethernet/wizchip_conf.c.obj
                0x1000765a                wizchip_cs_deselect
 .text.wizchip_bus_readdata
                0x1000765c        0x6 CMakeFiles/w5x00_mqtt_publish.dir/__/__/__/libraries/ioLibrary_Driver/Ethernet/wizchip_conf.c.obj
                0x1000765c                wizchip_bus_readdata
 .text.wizchip_bus_writedata
                0x10007662        0x4 CMakeFiles/w5x00_mqtt_publish.dir/__/__/__/libraries/ioLibrary_Driver/Ethernet/wizchip_conf.c.obj
                0x10007662                wizchip_bus_writedata
 .text.wizchip_spi_readbyte
                0x10007666        0x4 CMakeFiles/w5x00_mqtt_publish.dir/__/__/__/libraries/ioLibrary_Driver/Ethernet/wizchip_conf.c.obj
                0x10007666                wizchip_spi_readbyte
 .text.wizchip_spi_writebyte
                0x1000766a        0x2 CMakeFiles/w5x00_mqtt_publish.dir/__/__/__/libraries/ioLibrary_Driver/Ethernet/wizchip_conf.c.obj
                0x1000766a                wizchip_spi_writebyte
 .text.reg_wizchip_cris_cbfunc
                0x1000766c       0x28 CMakeFiles/w5x00_mqtt_publish.dir/__/__/__/libraries/ioLibrary_Driver/Ethernet/wizchip_conf.c.obj
                0x1000766c                reg_wizchip_cris_cbfunc
 .text.reg_wizchip_cs_cbfunc
                0x10007694       0x28 CMakeFiles/w5x00_mqtt_publish.dir/__/__/__/libraries/ioLibrary_Driver/Ethernet/wizchip_conf.c.obj
                0x10007694                reg_wizchip_cs_cbfunc
 .text.reg_wizchip_spi_cbfunc
                0x100076bc       0x30 CMakeFiles/w5x00_mqtt_publish.dir/__/__/__/libraries/ioLibrary_Driver/Ethernet/wizchip_conf.c.obj
                0x100076bc                reg_wizchip_spi_cbfunc
 .text.wizchip_sw_reset
                0x100076ec       0x66 CMakeFiles/w5x00_mqtt_publish.dir/__/__/__/libraries/ioLibrary_Driver/Ethernet/wizchip_conf.c.obj
                0x100076ec                wizchip_sw_reset
 .text.wizchip_init
                0x10007752       0xda CMakeFiles/w5x00_mqtt_publish.dir/__/__/__/libraries/ioLibrary_Driver/Ethernet/wizchip_conf.c.obj
                0x10007752                wizchip_init
 .text.wizchip_clrinterrupt
                0x1000782c       0x1c CMakeFiles/w5x00_mqtt_publish.dir/__/__/__/libraries/ioLibrary_Driver/Ethernet/wizchip_conf.c.obj
                0x1000782c                wizchip_clrinterrupt
 .text.wizchip_getinterrupt
                0x10007848       0x10 CMakeFiles/w5x00_mqtt_publish.dir/__/__/__/libraries/ioLibrary_Driver/Ethernet/wizchip_conf.c.obj
                0x10007848                wizchip_getinterrupt
 .text.wizchip_setinterruptmask
                0x10007858       0x18 CMakeFiles/w5x00_mqtt_publish.dir/__/__/__/libraries/ioLibrary_Driver/Ethernet/wizchip_conf.c.obj
                0x10007858                wizchip_setinterruptmask
 .text.wizchip_getinterruptmask
                0x10007870       0x1a CMakeFiles/w5x00_mqtt_publish.dir/__/__/__/libraries/ioLibrary_Driver/Ethernet/wizchip_conf.c.obj
                0x10007870                wizchip_getinterruptmask
 .text.wizphy_getphylink
                0x1000788a       0x14 CMakeFiles/w5x00_mqtt_publish.dir/__/__/__/libraries/ioLibrary_Driver/Ethernet/wizchip_conf.c.obj
                0x1000788a                wizphy_getphylink
 .text.wizphy_getphypmode
                0x1000789e        0x6 CMakeFiles/w5x00_mqtt_publish.dir/__/__/__/libraries/ioLibrary_Driver/Ethernet/wizchip_conf.c.obj
                0x1000789e                wizphy_getphypmode
 .text.wizphy_reset
                0x100078a4       0x24 CMakeFiles/w5x00_mqtt_publish.dir/__/__/__/libraries/ioLibrary_Driver/Ethernet/wizchip_conf.c.obj
                0x100078a4                wizphy_reset
 .text.wizphy_setphyconf
                0x100078c8       0x5c CMakeFiles/w5x00_mqtt_publish.dir/__/__/__/libraries/ioLibrary_Driver/Ethernet/wizchip_conf.c.obj
                0x100078c8                wizphy_setphyconf
 .text.wizphy_getphyconf
                0x10007924       0x3a CMakeFiles/w5x00_mqtt_publish.dir/__/__/__/libraries/ioLibrary_Driver/Ethernet/wizchip_conf.c.obj
                0x10007924                wizphy_getphyconf
 *fill*         0x1000795e        0x2 
 .text.wizphy_setphypmode
                0x10007960       0x50 CMakeFiles/w5x00_mqtt_publish.dir/__/__/__/libraries/ioLibrary_Driver/Ethernet/wizchip_conf.c.obj
                0x10007960                wizphy_setphypmode
 .text.ctlwizchip
                0x100079b0       0xe4 CMakeFiles/w5x00_mqtt_publish.dir/__/__/__/libraries/ioLibrary_Driver/Ethernet/wizchip_conf.c.obj
                0x100079b0                ctlwizchip
 .text.wizchip_setnetinfo
                0x10007a94       0x54 CMakeFiles/w5x00_mqtt_publish.dir/__/__/__/libraries/ioLibrary_Driver/Ethernet/wizchip_conf.c.obj
                0x10007a94                wizchip_setnetinfo
 .text.wizchip_getnetinfo
                0x10007ae8       0x54 CMakeFiles/w5x00_mqtt_publish.dir/__/__/__/libraries/ioLibrary_Driver/Ethernet/wizchip_conf.c.obj
                0x10007ae8                wizchip_getnetinfo
 .text.wizchip_setnetmode
                0x10007b3c       0x26 CMakeFiles/w5x00_mqtt_publish.dir/__/__/__/libraries/ioLibrary_Driver/Ethernet/wizchip_conf.c.obj
                0x10007b3c                wizchip_setnetmode
 .text.wizchip_getnetmode
                0x10007b62        0xa CMakeFiles/w5x00_mqtt_publish.dir/__/__/__/libraries/ioLibrary_Driver/Ethernet/wizchip_conf.c.obj
                0x10007b62                wizchip_getnetmode
 .text.wizchip_settimeout
                0x10007b6c       0x20 CMakeFiles/w5x00_mqtt_publish.dir/__/__/__/libraries/ioLibrary_Driver/Ethernet/wizchip_conf.c.obj
                0x10007b6c                wizchip_settimeout
 .text.wizchip_gettimeout
                0x10007b8c       0x26 CMakeFiles/w5x00_mqtt_publish.dir/__/__/__/libraries/ioLibrary_Driver/Ethernet/wizchip_conf.c.obj
                0x10007b8c                wizchip_gettimeout
 *fill*         0x10007bb2        0x2 
 .text.ctlnetwork
                0x10007bb4       0x54 CMakeFiles/w5x00_mqtt_publish.dir/__/__/__/libraries/ioLibrary_Driver/Ethernet/wizchip_conf.c.obj
                0x10007bb4                ctlnetwork
 .text.WIZCHIP_WRITE
                0x10007c08       0x5c CMakeFiles/w5x00_mqtt_publish.dir/__/__/__/libraries/ioLibrary_Driver/Ethernet/W5100S/w5100s.c.obj
                0x10007c08                WIZCHIP_WRITE
 .text.WIZCHIP_READ
                0x10007c64       0x60 CMakeFiles/w5x00_mqtt_publish.dir/__/__/__/libraries/ioLibrary_Driver/Ethernet/W5100S/w5100s.c.obj
                0x10007c64                WIZCHIP_READ
 .text.WIZCHIP_WRITE_BUF
                0x10007cc4       0x74 CMakeFiles/w5x00_mqtt_publish.dir/__/__/__/libraries/ioLibrary_Driver/Ethernet/W5100S/w5100s.c.obj
                0x10007cc4                WIZCHIP_WRITE_BUF
 .text.WIZCHIP_READ_BUF
                0x10007d38       0x7c CMakeFiles/w5x00_mqtt_publish.dir/__/__/__/libraries/ioLibrary_Driver/Ethernet/W5100S/w5100s.c.obj
                0x10007d38                WIZCHIP_READ_BUF
 .text.getSn_TX_FSR
                0x10007db4       0x5e CMakeFiles/w5x00_mqtt_publish.dir/__/__/__/libraries/ioLibrary_Driver/Ethernet/W5100S/w5100s.c.obj
                0x10007db4                getSn_TX_FSR
 .text.getSn_RX_RSR
                0x10007e12       0x5e CMakeFiles/w5x00_mqtt_publish.dir/__/__/__/libraries/ioLibrary_Driver/Ethernet/W5100S/w5100s.c.obj
                0x10007e12                getSn_RX_RSR
 .text.getSn_RxBASE
                0x10007e70       0x38 CMakeFiles/w5x00_mqtt_publish.dir/__/__/__/libraries/ioLibrary_Driver/Ethernet/W5100S/w5100s.c.obj
                0x10007e70                getSn_RxBASE
 .text.getSn_TxBASE
                0x10007ea8       0x38 CMakeFiles/w5x00_mqtt_publish.dir/__/__/__/libraries/ioLibrary_Driver/Ethernet/W5100S/w5100s.c.obj
                0x10007ea8                getSn_TxBASE
 .text.wiz_send_data
                0x10007ee0      0x110 CMakeFiles/w5x00_mqtt_publish.dir/__/__/__/libraries/ioLibrary_Driver/Ethernet/W5100S/w5100s.c.obj
                0x10007ee0                wiz_send_data
 .text.wiz_recv_data
                0x10007ff0      0x10c CMakeFiles/w5x00_mqtt_publish.dir/__/__/__/libraries/ioLibrary_Driver/Ethernet/W5100S/w5100s.c.obj
                0x10007ff0                wiz_recv_data
 .text.wiz_mdio_write
                0x100080fc       0x30 CMakeFiles/w5x00_mqtt_publish.dir/__/__/__/libraries/ioLibrary_Driver/Ethernet/W5100S/w5100s.c.obj
                0x100080fc                wiz_mdio_write
 .text.wiz_mdio_read
                0x1000812c       0x32 CMakeFiles/w5x00_mqtt_publish.dir/__/__/__/libraries/ioLibrary_Driver/Ethernet/W5100S/w5100s.c.obj
                0x1000812c                wiz_mdio_read
 .text.wizchip_select
                0x1000815e        0xc CMakeFiles/w5x00_mqtt_publish.dir/__/__/__/port/ioLibrary_Driver/w5x00_spi.c.obj
 .text.wizchip_deselect
                0x1000816a        0xc CMakeFiles/w5x00_mqtt_publish.dir/__/__/__/port/ioLibrary_Driver/w5x00_spi.c.obj
 *fill*         0x10008176        0x2 
 .text.wizchip_critical_section_lock
                0x10008178       0x20 CMakeFiles/w5x00_mqtt_publish.dir/__/__/__/port/ioLibrary_Driver/w5x00_spi.c.obj
 .text.wizchip_critical_section_unlock
                0x10008198       0x18 CMakeFiles/w5x00_mqtt_publish.dir/__/__/__/port/ioLibrary_Driver/w5x00_spi.c.obj
 .text.wizchip_write
                0x100081b0       0x1c CMakeFiles/w5x00_mqtt_publish.dir/__/__/__/port/ioLibrary_Driver/w5x00_spi.c.obj
 .text.wizchip_read
                0x100081cc       0x24 CMakeFiles/w5x00_mqtt_publish.dir/__/__/__/port/ioLibrary_Driver/w5x00_spi.c.obj
 .text.wizchip_reset
                0x100081f0       0x1e CMakeFiles/w5x00_mqtt_publish.dir/__/__/__/port/ioLibrary_Driver/w5x00_spi.c.obj
                0x100081f0                wizchip_reset
 *fill*         0x1000820e        0x2 
 .text.wizchip_spi_initialize
                0x10008210       0x40 CMakeFiles/w5x00_mqtt_publish.dir/__/__/__/port/ioLibrary_Driver/w5x00_spi.c.obj
                0x10008210                wizchip_spi_initialize
 .text.wizchip_cris_initialize
                0x10008250       0x20 CMakeFiles/w5x00_mqtt_publish.dir/__/__/__/port/ioLibrary_Driver/w5x00_spi.c.obj
                0x10008250                wizchip_cris_initialize
 .text.wizchip_initialize
                0x10008270       0x7c CMakeFiles/w5x00_mqtt_publish.dir/__/__/__/port/ioLibrary_Driver/w5x00_spi.c.obj
                0x10008270                wizchip_initialize
 .text.wizchip_check
                0x100082ec       0x24 CMakeFiles/w5x00_mqtt_publish.dir/__/__/__/port/ioLibrary_Driver/w5x00_spi.c.obj
                0x100082ec                wizchip_check
 .text.network_initialize
                0x10008310       0x1c CMakeFiles/w5x00_mqtt_publish.dir/__/__/__/port/ioLibrary_Driver/w5x00_spi.c.obj
                0x10008310                network_initialize
 .text.print_network_information
                0x1000832c       0xf4 CMakeFiles/w5x00_mqtt_publish.dir/__/__/__/port/ioLibrary_Driver/w5x00_spi.c.obj
                0x1000832c                print_network_information
 .text.w5x00_read
                0x10008420       0x36 CMakeFiles/w5x00_mqtt_publish.dir/__/__/__/libraries/ioLibrary_Driver/Internet/MQTT/mqtt_interface.c.obj
                0x10008420                w5x00_read
 .text.w5x00_write
                0x10008456       0x28 CMakeFiles/w5x00_mqtt_publish.dir/__/__/__/libraries/ioLibrary_Driver/Internet/MQTT/mqtt_interface.c.obj
                0x10008456                w5x00_write
 .text.w5x00_disconnect
                0x1000847e        0xa CMakeFiles/w5x00_mqtt_publish.dir/__/__/__/libraries/ioLibrary_Driver/Internet/MQTT/mqtt_interface.c.obj
                0x1000847e                w5x00_disconnect
 .text.TimerInit
                0x10008488        0x6 CMakeFiles/w5x00_mqtt_publish.dir/__/__/__/libraries/ioLibrary_Driver/Internet/MQTT/mqtt_interface.c.obj
                0x10008488                TimerInit
 *fill*         0x1000848e        0x2 
 .text.TimerIsExpired
                0x10008490       0x10 CMakeFiles/w5x00_mqtt_publish.dir/__/__/__/libraries/ioLibrary_Driver/Internet/MQTT/mqtt_interface.c.obj
                0x10008490                TimerIsExpired
 .text.TimerCountdownMS
                0x100084a0       0x10 CMakeFiles/w5x00_mqtt_publish.dir/__/__/__/libraries/ioLibrary_Driver/Internet/MQTT/mqtt_interface.c.obj
                0x100084a0                TimerCountdownMS
 .text.TimerCountdown
                0x100084b0       0x18 CMakeFiles/w5x00_mqtt_publish.dir/__/__/__/libraries/ioLibrary_Driver/Internet/MQTT/mqtt_interface.c.obj
                0x100084b0                TimerCountdown
 .text.TimerLeftMS
                0x100084c8       0x14 CMakeFiles/w5x00_mqtt_publish.dir/__/__/__/libraries/ioLibrary_Driver/Internet/MQTT/mqtt_interface.c.obj
                0x100084c8                TimerLeftMS
 .text.NewNetwork
                0x100084dc       0x1c CMakeFiles/w5x00_mqtt_publish.dir/__/__/__/libraries/ioLibrary_Driver/Internet/MQTT/mqtt_interface.c.obj
                0x100084dc                NewNetwork
 .text.ConnectNetwork
                0x100084f8       0x34 CMakeFiles/w5x00_mqtt_publish.dir/__/__/__/libraries/ioLibrary_Driver/Internet/MQTT/mqtt_interface.c.obj
                0x100084f8                ConnectNetwork
 .text.NewMessageData
                0x1000852c        0x6 CMakeFiles/w5x00_mqtt_publish.dir/__/__/__/libraries/ioLibrary_Driver/Internet/MQTT/MQTTClient.c.obj
 *fill*         0x10008532        0x2 
 .text.getNextPacketId
                0x10008534       0x18 CMakeFiles/w5x00_mqtt_publish.dir/__/__/__/libraries/ioLibrary_Driver/Internet/MQTT/MQTTClient.c.obj
 .text.decodePacket
                0x1000854c       0x58 CMakeFiles/w5x00_mqtt_publish.dir/__/__/__/libraries/ioLibrary_Driver/Internet/MQTT/MQTTClient.c.obj
 .text.isTopicMatched
                0x100085a4       0x66 CMakeFiles/w5x00_mqtt_publish.dir/__/__/__/libraries/ioLibrary_Driver/Internet/MQTT/MQTTClient.c.obj
 .text.sendPacket
                0x1000860a       0x64 CMakeFiles/w5x00_mqtt_publish.dir/__/__/__/libraries/ioLibrary_Driver/Internet/MQTT/MQTTClient.c.obj
 .text.readPacket
                0x1000866e       0x86 CMakeFiles/w5x00_mqtt_publish.dir/__/__/__/libraries/ioLibrary_Driver/Internet/MQTT/MQTTClient.c.obj
 .text.MQTTClientInit
                0x100086f4       0x3c CMakeFiles/w5x00_mqtt_publish.dir/__/__/__/libraries/ioLibrary_Driver/Internet/MQTT/MQTTClient.c.obj
                0x100086f4                MQTTClientInit
 .text.deliverMessage
                0x10008730       0x8c CMakeFiles/w5x00_mqtt_publish.dir/__/__/__/libraries/ioLibrary_Driver/Internet/MQTT/MQTTClient.c.obj
                0x10008730                deliverMessage
 .text.keepalive
                0x100087bc       0x64 CMakeFiles/w5x00_mqtt_publish.dir/__/__/__/libraries/ioLibrary_Driver/Internet/MQTT/MQTTClient.c.obj
                0x100087bc                keepalive
 .text.cycle    0x10008820      0x11e CMakeFiles/w5x00_mqtt_publish.dir/__/__/__/libraries/ioLibrary_Driver/Internet/MQTT/MQTTClient.c.obj
                0x10008820                cycle
 .text.waitfor  0x1000893e       0x28 CMakeFiles/w5x00_mqtt_publish.dir/__/__/__/libraries/ioLibrary_Driver/Internet/MQTT/MQTTClient.c.obj
                0x1000893e                waitfor
 *fill*         0x10008966        0x2 
 .text.MQTTConnect
                0x10008968       0xb0 CMakeFiles/w5x00_mqtt_publish.dir/__/__/__/libraries/ioLibrary_Driver/Internet/MQTT/MQTTClient.c.obj
                0x10008968                MQTTConnect
 .text.MQTTPublish
                0x10008a18       0xec CMakeFiles/w5x00_mqtt_publish.dir/__/__/__/libraries/ioLibrary_Driver/Internet/MQTT/MQTTClient.c.obj
                0x10008a18                MQTTPublish
 .text.MQTTSerialize_connectLength
                0x10008b04       0x86 CMakeFiles/w5x00_mqtt_publish.dir/__/__/__/libraries/ioLibrary_Driver/Internet/MQTT/MQTTPacket/src/MQTTConnectClient.c.obj
                0x10008b04                MQTTSerialize_connectLength
 *fill*         0x10008b8a        0x2 
 .text.MQTTSerialize_connect
                0x10008b8c      0x134 CMakeFiles/w5x00_mqtt_publish.dir/__/__/__/libraries/ioLibrary_Driver/Internet/MQTT/MQTTPacket/src/MQTTConnectClient.c.obj
                0x10008b8c                MQTTSerialize_connect
 .text.MQTTDeserialize_connack
                0x10008cc0       0x4c CMakeFiles/w5x00_mqtt_publish.dir/__/__/__/libraries/ioLibrary_Driver/Internet/MQTT/MQTTPacket/src/MQTTConnectClient.c.obj
                0x10008cc0                MQTTDeserialize_connack
 .text.MQTTSerialize_zero
                0x10008d0c       0x32 CMakeFiles/w5x00_mqtt_publish.dir/__/__/__/libraries/ioLibrary_Driver/Internet/MQTT/MQTTPacket/src/MQTTConnectClient.c.obj
                0x10008d0c                MQTTSerialize_zero
 .text.MQTTSerialize_pingreq
                0x10008d3e        0xa CMakeFiles/w5x00_mqtt_publish.dir/__/__/__/libraries/ioLibrary_Driver/Internet/MQTT/MQTTPacket/src/MQTTConnectClient.c.obj
                0x10008d3e                MQTTSerialize_pingreq
 .text.MQTTDeserialize_publish
                0x10008d48       0x8a CMakeFiles/w5x00_mqtt_publish.dir/__/__/__/libraries/ioLibrary_Driver/Internet/MQTT/MQTTPacket/src/MQTTDeserializePublish.c.obj
                0x10008d48                MQTTDeserialize_publish
 .text.MQTTDeserialize_ack
                0x10008dd2       0x40 CMakeFiles/w5x00_mqtt_publish.dir/__/__/__/libraries/ioLibrary_Driver/Internet/MQTT/MQTTPacket/src/MQTTDeserializePublish.c.obj
                0x10008dd2                MQTTDeserialize_ack
 *fill*         0x10008e12        0x2 
 .text.bufchar  0x10008e14       0x20 CMakeFiles/w5x00_mqtt_publish.dir/__/__/__/libraries/ioLibrary_Driver/Internet/MQTT/MQTTPacket/src/MQTTPacket.c.obj
                0x10008e14                bufchar
 .text.MQTTPacket_encode
                0x10008e34       0x38 CMakeFiles/w5x00_mqtt_publish.dir/__/__/__/libraries/ioLibrary_Driver/Internet/MQTT/MQTTPacket/src/MQTTPacket.c.obj
                0x10008e34                MQTTPacket_encode
 .text.MQTTPacket_decode
                0x10008e6c       0x46 CMakeFiles/w5x00_mqtt_publish.dir/__/__/__/libraries/ioLibrary_Driver/Internet/MQTT/MQTTPacket/src/MQTTPacket.c.obj
                0x10008e6c                MQTTPacket_decode
 *fill*         0x10008eb2        0x2 
 .text.MQTTPacket_len
                0x10008eb4       0x2c CMakeFiles/w5x00_mqtt_publish.dir/__/__/__/libraries/ioLibrary_Driver/Internet/MQTT/MQTTPacket/src/MQTTPacket.c.obj
                0x10008eb4                MQTTPacket_len
 .text.MQTTPacket_decodeBuf
                0x10008ee0       0x18 CMakeFiles/w5x00_mqtt_publish.dir/__/__/__/libraries/ioLibrary_Driver/Internet/MQTT/MQTTPacket/src/MQTTPacket.c.obj
                0x10008ee0                MQTTPacket_decodeBuf
 .text.readInt  0x10008ef8       0x12 CMakeFiles/w5x00_mqtt_publish.dir/__/__/__/libraries/ioLibrary_Driver/Internet/MQTT/MQTTPacket/src/MQTTPacket.c.obj
                0x10008ef8                readInt
 .text.readChar
                0x10008f0a        0xc CMakeFiles/w5x00_mqtt_publish.dir/__/__/__/libraries/ioLibrary_Driver/Internet/MQTT/MQTTPacket/src/MQTTPacket.c.obj
                0x10008f0a                readChar
 .text.writeChar
                0x10008f16        0xc CMakeFiles/w5x00_mqtt_publish.dir/__/__/__/libraries/ioLibrary_Driver/Internet/MQTT/MQTTPacket/src/MQTTPacket.c.obj
                0x10008f16                writeChar
 .text.writeInt
                0x10008f22       0x2a CMakeFiles/w5x00_mqtt_publish.dir/__/__/__/libraries/ioLibrary_Driver/Internet/MQTT/MQTTPacket/src/MQTTPacket.c.obj
                0x10008f22                writeInt
 .text.writeCString
                0x10008f4c       0x2a CMakeFiles/w5x00_mqtt_publish.dir/__/__/__/libraries/ioLibrary_Driver/Internet/MQTT/MQTTPacket/src/MQTTPacket.c.obj
                0x10008f4c                writeCString
 .text.writeMQTTString
                0x10008f76       0x3e CMakeFiles/w5x00_mqtt_publish.dir/__/__/__/libraries/ioLibrary_Driver/Internet/MQTT/MQTTPacket/src/MQTTPacket.c.obj
                0x10008f76                writeMQTTString
 .text.readMQTTLenString
                0x10008fb4       0x3a CMakeFiles/w5x00_mqtt_publish.dir/__/__/__/libraries/ioLibrary_Driver/Internet/MQTT/MQTTPacket/src/MQTTPacket.c.obj
                0x10008fb4                readMQTTLenString
 .text.MQTTstrlen
                0x10008fee       0x16 CMakeFiles/w5x00_mqtt_publish.dir/__/__/__/libraries/ioLibrary_Driver/Internet/MQTT/MQTTPacket/src/MQTTPacket.c.obj
                0x10008fee                MQTTstrlen
 .text.MQTTPacket_equals
                0x10009004       0x3c CMakeFiles/w5x00_mqtt_publish.dir/__/__/__/libraries/ioLibrary_Driver/Internet/MQTT/MQTTPacket/src/MQTTPacket.c.obj
                0x10009004                MQTTPacket_equals
 .text.MQTTSerialize_publishLength
                0x10009040       0x22 CMakeFiles/w5x00_mqtt_publish.dir/__/__/__/libraries/ioLibrary_Driver/Internet/MQTT/MQTTPacket/src/MQTTSerializePublish.c.obj
                0x10009040                MQTTSerialize_publishLength
 .text.MQTTSerialize_publish
                0x10009062       0xa8 CMakeFiles/w5x00_mqtt_publish.dir/__/__/__/libraries/ioLibrary_Driver/Internet/MQTT/MQTTPacket/src/MQTTSerializePublish.c.obj
                0x10009062                MQTTSerialize_publish
 .text.MQTTSerialize_ack
                0x1000910a       0x54 CMakeFiles/w5x00_mqtt_publish.dir/__/__/__/libraries/ioLibrary_Driver/Internet/MQTT/MQTTPacket/src/MQTTSerializePublish.c.obj
                0x1000910a                MQTTSerialize_ack
 *fill*         0x1000915e        0x2 
 .text          0x10009160       0x68 /usr/lib/gcc/arm-none-eabi/8.3.1/../../../arm-none-eabi/lib/thumb/v6-m/nofp/libg.a(lib_a-strlen-stub.o)
                0x10009160                strlen
 .text          0x100091c8       0x94 /usr/lib/gcc/arm-none-eabi/8.3.1/../../../arm-none-eabi/lib/thumb/v6-m/nofp/libg.a(lib_a-strncmp.o)
                0x100091c8                strncmp
 *(.fini)
 .fini          0x1000925c        0x4 /usr/lib/gcc/arm-none-eabi/8.3.1/thumb/v6-m/nofp/crti.o
                0x1000925c                _fini
 .fini.__stub   0x10009260       0x90 linker stubs
 *crtbegin.o(.ctors)
 *crtbegin?.o(.ctors)
 *(EXCLUDE_FILE(*crtend.o *crtend?.o) .ctors)
 *(SORT_BY_NAME(.ctors.*))
 *(.ctors)
 *crtbegin.o(.dtors)
 *crtbegin?.o(.dtors)
 *(EXCLUDE_FILE(*crtend.o *crtend?.o) .dtors)
 *(SORT_BY_NAME(.dtors.*))
 *(.dtors)
 *(.eh_frame*)
 .eh_frame      0x100092f0        0x0 /usr/lib/gcc/arm-none-eabi/8.3.1/thumb/v6-m/nofp/crtbegin.o
                0x100092f0                . = ALIGN (0x4)

.glue_7         0x100092f0        0x0
 .glue_7        0x100092f0        0x0 linker stubs

.glue_7t        0x100092f0        0x0
 .glue_7t       0x100092f0        0x0 linker stubs

.vfp11_veneer   0x100092f0        0x0
 .vfp11_veneer  0x100092f0        0x0 linker stubs

.v4_bx          0x100092f0        0x0
 .v4_bx         0x100092f0        0x0 linker stubs

.iplt           0x100092f0        0x0
 .iplt          0x100092f0        0x0 /usr/lib/gcc/arm-none-eabi/8.3.1/thumb/v6-m/nofp/crtbegin.o

.rodata         0x100092f0     0x1a94
 *(EXCLUDE_FILE(*libm.a: *libc.a:*lib_a-mem*.o *libgcc.a:) .rodata*)
 .rodata.g_net_info
                0x100092f0       0x17 CMakeFiles/w5x00_mqtt_publish.dir/w5x00_mqtt_publish.c.obj
 *fill*         0x10009307        0x1 
 .rodata.main.str1.4
                0x10009308       0x92 CMakeFiles/w5x00_mqtt_publish.dir/w5x00_mqtt_publish.c.obj
 *fill*         0x1000939a        0x2 
 .rodata.spin_lock_claim_unused.str1.4
                0x1000939c       0x1b CMakeFiles/w5x00_mqtt_publish.dir/__/__/__/libraries/pico-sdk/src/rp2_common/hardware_sync/sync.c.obj
 *fill*         0x100093b7        0x1 
 .rodata.__func__.5751
                0x100093b8       0x15 CMakeFiles/w5x00_mqtt_publish.dir/__/__/__/libraries/pico-sdk/src/common/pico_time/time.c.obj
 *fill*         0x100093cd        0x3 
 .rodata.__func__.6057
                0x100093d0        0xc CMakeFiles/w5x00_mqtt_publish.dir/__/__/__/libraries/pico-sdk/src/common/pico_time/time.c.obj
 .rodata.__func__.6064
                0x100093dc       0x12 CMakeFiles/w5x00_mqtt_publish.dir/__/__/__/libraries/pico-sdk/src/common/pico_time/time.c.obj
 *fill*         0x100093ee        0x2 
 .rodata.__func__.6080
                0x100093f0        0xf CMakeFiles/w5x00_mqtt_publish.dir/__/__/__/libraries/pico-sdk/src/common/pico_time/time.c.obj
 *fill*         0x100093ff        0x1 
 .rodata.__func__.6102
                0x10009400        0xd CMakeFiles/w5x00_mqtt_publish.dir/__/__/__/libraries/pico-sdk/src/common/pico_time/time.c.obj
 *fill*         0x1000940d        0x3 
 .rodata.__func__.6326
                0x10009410        0xa CMakeFiles/w5x00_mqtt_publish.dir/__/__/__/libraries/pico-sdk/src/common/pico_time/time.c.obj
 *fill*         0x1000941a        0x2 
 .rodata.__func__.6331
                0x1000941c       0x12 CMakeFiles/w5x00_mqtt_publish.dir/__/__/__/libraries/pico-sdk/src/common/pico_time/time.c.obj
 *fill*         0x1000942e        0x2 
 .rodata.__func__.6346
                0x10009430       0x17 CMakeFiles/w5x00_mqtt_publish.dir/__/__/__/libraries/pico-sdk/src/common/pico_time/time.c.obj
 *fill*         0x10009447        0x1 
 .rodata.__func__.6357
                0x10009448       0x15 CMakeFiles/w5x00_mqtt_publish.dir/__/__/__/libraries/pico-sdk/src/common/pico_time/time.c.obj
 *fill*         0x1000945d        0x3 
 .rodata.__func__.6374
                0x10009460       0x1a CMakeFiles/w5x00_mqtt_publish.dir/__/__/__/libraries/pico-sdk/src/common/pico_time/time.c.obj
 *fill*         0x1000947a        0x2 
 .rodata.__func__.6413
                0x1000947c       0x18 CMakeFiles/w5x00_mqtt_publish.dir/__/__/__/libraries/pico-sdk/src/common/pico_time/time.c.obj
 .rodata.add_alarm_under_lock.str1.4
                0x10009494       0x28 CMakeFiles/w5x00_mqtt_publish.dir/__/__/__/libraries/pico-sdk/src/common/pico_time/time.c.obj
                                 0x2b (size before relaxing)
 .rodata.alarm_pool_alarm_callback.str1.4
                0x100094bc       0xf6 CMakeFiles/w5x00_mqtt_publish.dir/__/__/__/libraries/pico-sdk/src/common/pico_time/time.c.obj
 *fill*         0x100095b2        0x2 
 .rodata.alarm_pool_cancel_alarm.str1.4
                0x100095b4       0x27 CMakeFiles/w5x00_mqtt_publish.dir/__/__/__/libraries/pico-sdk/src/common/pico_time/time.c.obj
 *fill*         0x100095db        0x1 
 .rodata.alarm_pool_dump_key.str1.4
                0x100095dc       0x33 CMakeFiles/w5x00_mqtt_publish.dir/__/__/__/libraries/pico-sdk/src/common/pico_time/time.c.obj
 *fill*         0x1000960f        0x1 
 .rodata.alarm_pool_get_default.str1.4
                0x10009610       0x21 CMakeFiles/w5x00_mqtt_publish.dir/__/__/__/libraries/pico-sdk/src/common/pico_time/time.c.obj
 *fill*         0x10009631        0x3 
 .rodata.ph_add_child_node.str1.4
                0x10009634       0xaa CMakeFiles/w5x00_mqtt_publish.dir/__/__/__/libraries/pico-sdk/src/common/pico_time/time.c.obj
 *fill*         0x100096de        0x2 
 .rodata.repeating_timer_callback.str1.4
                0x100096e0       0x5e CMakeFiles/w5x00_mqtt_publish.dir/__/__/__/libraries/pico-sdk/src/common/pico_time/time.c.obj
 *fill*         0x1000973e        0x2 
 .rodata.sleep_until.str1.4
                0x10009740       0x4d CMakeFiles/w5x00_mqtt_publish.dir/__/__/__/libraries/pico-sdk/src/common/pico_time/time.c.obj
 *fill*         0x1000978d        0x3 
 .rodata.__func__.4609
                0x10009790       0x1a CMakeFiles/w5x00_mqtt_publish.dir/__/__/__/libraries/pico-sdk/src/rp2_common/hardware_timer/timer.c.obj
 *fill*         0x100097aa        0x2 
 .rodata.hardware_alarm_claim.str1.4
                0x100097ac       0x22 CMakeFiles/w5x00_mqtt_publish.dir/__/__/__/libraries/pico-sdk/src/rp2_common/hardware_timer/timer.c.obj
 *fill*         0x100097ce        0x2 
 .rodata.hardware_alarm_set_target.str1.4
                0x100097d0       0x78 CMakeFiles/w5x00_mqtt_publish.dir/__/__/__/libraries/pico-sdk/src/rp2_common/hardware_timer/timer.c.obj
 .rodata.__func__.4243
                0x10009848       0x15 CMakeFiles/w5x00_mqtt_publish.dir/__/__/__/libraries/pico-sdk/src/common/pico_sync/mutex.c.obj
 *fill*         0x1000985d        0x3 
 .rodata.__func__.4731
                0x10009860       0x18 CMakeFiles/w5x00_mqtt_publish.dir/__/__/__/libraries/pico-sdk/src/common/pico_sync/mutex.c.obj
 .rodata.__func__.4750
                0x10009878        0xb CMakeFiles/w5x00_mqtt_publish.dir/__/__/__/libraries/pico-sdk/src/common/pico_sync/mutex.c.obj
 *fill*         0x10009883        0x1 
 .rodata.str1.4
                0x10009884       0x9d CMakeFiles/w5x00_mqtt_publish.dir/__/__/__/libraries/pico-sdk/src/common/pico_sync/mutex.c.obj
                                0x111 (size before relaxing)
 *fill*         0x10009921        0x3 
 .rodata.__func__.5758
                0x10009924        0xc CMakeFiles/w5x00_mqtt_publish.dir/__/__/__/libraries/pico-sdk/src/common/pico_util/pheap.c.obj
 .rodata.__func__.5765
                0x10009930       0x12 CMakeFiles/w5x00_mqtt_publish.dir/__/__/__/libraries/pico-sdk/src/common/pico_util/pheap.c.obj
 *fill*         0x10009942        0x2 
 .rodata.__func__.5851
                0x10009944       0x13 CMakeFiles/w5x00_mqtt_publish.dir/__/__/__/libraries/pico-sdk/src/common/pico_util/pheap.c.obj
 *fill*         0x10009957        0x1 
 .rodata.__func__.5869
                0x10009958       0x18 CMakeFiles/w5x00_mqtt_publish.dir/__/__/__/libraries/pico-sdk/src/common/pico_util/pheap.c.obj
 .rodata.ph_add_child_node.str1.4
                0x10009970       0xaa CMakeFiles/w5x00_mqtt_publish.dir/__/__/__/libraries/pico-sdk/src/common/pico_util/pheap.c.obj
 .rodata.ph_remove_and_free_node.str1.4
                0x10009970       0x26 CMakeFiles/w5x00_mqtt_publish.dir/__/__/__/libraries/pico-sdk/src/common/pico_util/pheap.c.obj
 *fill*         0x10009996        0x2 
 .rodata.ph_remove_any_head.str1.4
                0x10009998       0xa0 CMakeFiles/w5x00_mqtt_publish.dir/__/__/__/libraries/pico-sdk/src/common/pico_util/pheap.c.obj
 .rodata.__assert_func.str1.4
                0x10009a38       0x3f CMakeFiles/w5x00_mqtt_publish.dir/__/__/__/libraries/pico-sdk/src/rp2_common/pico_runtime/runtime.c.obj
                                 0x43 (size before relaxing)
 *fill*         0x10009a77        0x1 
 .rodata.__func__.5866
                0x10009a78        0xd CMakeFiles/w5x00_mqtt_publish.dir/__/__/__/libraries/pico-sdk/src/rp2_common/pico_runtime/runtime.c.obj
 *fill*         0x10009a85        0x3 
 .rodata.panic.str1.4
                0x10009a88       0x10 CMakeFiles/w5x00_mqtt_publish.dir/__/__/__/libraries/pico-sdk/src/rp2_common/pico_runtime/runtime.c.obj
                                 0x12 (size before relaxing)
 .rodata.runtime_init.str1.4
                0x10009a98       0x74 CMakeFiles/w5x00_mqtt_publish.dir/__/__/__/libraries/pico-sdk/src/rp2_common/pico_runtime/runtime.c.obj
 .rodata.__func__.4738
                0x10009b0c       0x10 CMakeFiles/w5x00_mqtt_publish.dir/__/__/__/libraries/pico-sdk/src/rp2_common/hardware_clocks/clocks.c.obj
 .rodata.clock_configure.str1.4
                0x10009b1c       0x6a CMakeFiles/w5x00_mqtt_publish.dir/__/__/__/libraries/pico-sdk/src/rp2_common/hardware_clocks/clocks.c.obj
 *fill*         0x10009b86        0x2 
 .rodata.__func__.4783
                0x10009b88       0x1a CMakeFiles/w5x00_mqtt_publish.dir/__/__/__/libraries/pico-sdk/src/rp2_common/hardware_irq/irq.c.obj
 *fill*         0x10009ba2        0x2 
 .rodata.__func__.4797
                0x10009ba4        0xc CMakeFiles/w5x00_mqtt_publish.dir/__/__/__/libraries/pico-sdk/src/rp2_common/hardware_irq/irq.c.obj
 .rodata.__func__.4805
                0x10009bb0       0x17 CMakeFiles/w5x00_mqtt_publish.dir/__/__/__/libraries/pico-sdk/src/rp2_common/hardware_irq/irq.c.obj
 *fill*         0x10009bc7        0x1 
 .rodata.__func__.4809
                0x10009bc8        0xf CMakeFiles/w5x00_mqtt_publish.dir/__/__/__/libraries/pico-sdk/src/rp2_common/hardware_irq/irq.c.obj
 *fill*         0x10009bd7        0x1 
 .rodata.__func__.4848
                0x10009bd8       0x13 CMakeFiles/w5x00_mqtt_publish.dir/__/__/__/libraries/pico-sdk/src/rp2_common/hardware_irq/irq.c.obj
 *fill*         0x10009beb        0x1 
 .rodata.__func__.4871
                0x10009bec       0x1a CMakeFiles/w5x00_mqtt_publish.dir/__/__/__/libraries/pico-sdk/src/rp2_common/hardware_irq/irq.c.obj
 *fill*         0x10009c06        0x2 
 .rodata.irq_add_shared_handler.str1.4
                0x10009c08       0xd9 CMakeFiles/w5x00_mqtt_publish.dir/__/__/__/libraries/pico-sdk/src/rp2_common/hardware_irq/irq.c.obj
 *fill*         0x10009ce1        0x3 
 .rodata.irq_add_tail_to_free_list.str1.4
                0x10009ce4       0x32 CMakeFiles/w5x00_mqtt_publish.dir/__/__/__/libraries/pico-sdk/src/rp2_common/hardware_irq/irq.c.obj
                                 0x3a (size before relaxing)
 *fill*         0x10009d16        0x2 
 .rodata.irq_remove_handler.str1.4
                0x10009d18       0x2a CMakeFiles/w5x00_mqtt_publish.dir/__/__/__/libraries/pico-sdk/src/rp2_common/hardware_irq/irq.c.obj
 *fill*         0x10009d42        0x2 
 .rodata.irq_set_exclusive_handler.str1.4
                0x10009d44       0x36 CMakeFiles/w5x00_mqtt_publish.dir/__/__/__/libraries/pico-sdk/src/rp2_common/hardware_irq/irq.c.obj
 *fill*         0x10009d7a        0x2 
 .rodata.make_branch.str1.4
                0x10009d7c       0x60 CMakeFiles/w5x00_mqtt_publish.dir/__/__/__/libraries/pico-sdk/src/rp2_common/hardware_irq/irq.c.obj
 .rodata.__func__.4458
                0x10009ddc        0x9 CMakeFiles/w5x00_mqtt_publish.dir/__/__/__/libraries/pico-sdk/src/rp2_common/hardware_pll/pll.c.obj
 *fill*         0x10009de5        0x3 
 .rodata.pll_init.str1.4
                0x10009de8       0xeb CMakeFiles/w5x00_mqtt_publish.dir/__/__/__/libraries/pico-sdk/src/rp2_common/hardware_pll/pll.c.obj
 *fill*         0x10009ed3        0x1 
 .rodata._vsnprintf
                0x10009ed4      0x1e0 CMakeFiles/w5x00_mqtt_publish.dir/__/__/__/libraries/pico-sdk/src/rp2_common/pico_printf/printf.c.obj
 .rodata._ftoa.str1.4
                0x1000a0b4       0x15 CMakeFiles/w5x00_mqtt_publish.dir/__/__/__/libraries/pico-sdk/src/rp2_common/pico_printf/printf.c.obj
 *fill*         0x1000a0c9        0x7 
 .rodata.pow10.5472